Component: ARM Compiler 5.06 update 6 (build 750) Tool: armlink [4d35ed]

==============================================================================

Section Cross References

    main.o(i.main) refers to misc.o(i.NVIC_PriorityGroupConfig) for NVIC_PriorityGroupConfig
    main.o(i.main) refers to time.o(i.SysTick_Configuration) for SysTick_Configuration
    main.o(i.main) refers to can.o(i.CAN1_Mode_Init) for CAN1_Mode_Init
    main.o(i.main) refers to time.o(i.Delay_ms) for Delay_ms
    main.o(i.main) refers to can.o(i.CAN2_Mode_Init) for CAN2_Mode_Init
    main.o(i.main) refers to can.o(i.CAN_motor_init) for CAN_motor_init
    main.o(i.main) refers to time.o(i.Get_Cycle_T) for Get_Cycle_T
    main.o(i.main) refers to main.o(i.pos_control) for pos_control
    main.o(i.main) refers to can.o(i.CAN_motor_sm) for CAN_motor_sm
    main.o(i.main) refers to delay.o(i.delay_ms) for delay_ms
    main.o(i.main) refers to main.o(.data) for .data
    main.o(i.main) refers to can.o(.bss) for leg_motor
    main.o(i.pos_control) refers to mymath.o(i.To_180_degreesw) for To_180_degreesw
    main.o(i.pos_control) refers to mymath.o(i.limitw) for limitw
    main.o(i.pos_control) refers to f2d.o(.text) for __aeabi_f2d
    main.o(i.pos_control) refers to dadd.o(.text) for __aeabi_dadd
    main.o(i.pos_control) refers to dmul.o(.text) for __aeabi_dmul
    main.o(i.pos_control) refers to d2f.o(.text) for __aeabi_d2f
    main.o(i.pos_control) refers to ddiv.o(.text) for __aeabi_ddiv
    main.o(i.pos_control) refers to main.o(.data) for .data
    main.o(i.pos_control) refers to main.o(.bss) for .bss
    main.o(i.pos_control) refers to can.o(.bss) for leg_motor
    delay.o(i.delay_init) refers to misc.o(i.SysTick_CLKSourceConfig) for SysTick_CLKSourceConfig
    delay.o(i.delay_init) refers to delay.o(.data) for .data
    delay.o(i.delay_ms) refers to time.o(i.Delay_ms) for Delay_ms
    delay.o(i.delay_us) refers to time.o(i.Delay_us) for Delay_us
    delay.o(i.delay_xms) refers to delay.o(.data) for .data
    time.o(i.Cycle_Time_Init) refers to time.o(.bss) for .bss
    time.o(i.Cycle_Time_Init) refers to time.o(.data) for .data
    time.o(i.Delay_ms) refers to time.o(.data) for .data
    time.o(i.Delay_us) refers to time.o(.data) for .data
    time.o(i.GetSysTime_us) refers to time.o(.data) for .data
    time.o(i.Get_Cycle_T) refers to time.o(.bss) for .bss
    time.o(i.Get_Cycle_T) refers to time.o(.data) for .data
    time.o(i.SysTick_Configuration) refers to stm32f4xx_rcc.o(i.RCC_GetClocksFreq) for RCC_GetClocksFreq
    time.o(i.SysTick_Configuration) refers to misc.o(i.SysTick_CLKSourceConfig) for SysTick_CLKSourceConfig
    time.o(i.TIM3_Int_Init) refers to stm32f4xx_rcc.o(i.RCC_APB1PeriphClockCmd) for RCC_APB1PeriphClockCmd
    time.o(i.TIM3_Int_Init) refers to stm32f4xx_tim.o(i.TIM_TimeBaseInit) for TIM_TimeBaseInit
    time.o(i.TIM3_Int_Init) refers to stm32f4xx_tim.o(i.TIM_ITConfig) for TIM_ITConfig
    time.o(i.TIM3_Int_Init) refers to stm32f4xx_tim.o(i.TIM_Cmd) for TIM_Cmd
    time.o(i.TIM3_Int_Init) refers to misc.o(i.NVIC_Init) for NVIC_Init
    time.o(i.TIM_CONF) refers to stm32f4xx_rcc.o(i.RCC_APB1PeriphClockCmd) for RCC_APB1PeriphClockCmd
    time.o(i.TIM_CONF) refers to stm32f4xx_tim.o(i.TIM_DeInit) for TIM_DeInit
    time.o(i.TIM_CONF) refers to stm32f4xx_tim.o(i.TIM_TimeBaseInit) for TIM_TimeBaseInit
    time.o(i.TIM_CONF) refers to stm32f4xx_tim.o(i.TIM_ClearFlag) for TIM_ClearFlag
    time.o(i.TIM_CONF) refers to stm32f4xx_tim.o(i.TIM_ITConfig) for TIM_ITConfig
    time.o(i.TIM_CONF) refers to stm32f4xx_tim.o(i.TIM_Cmd) for TIM_Cmd
    time.o(i.TIM_INIT) refers to stm32f4xx_rcc.o(i.RCC_APB1PeriphClockCmd) for RCC_APB1PeriphClockCmd
    time.o(i.TIM_INIT) refers to stm32f4xx_tim.o(i.TIM_DeInit) for TIM_DeInit
    time.o(i.TIM_INIT) refers to stm32f4xx_tim.o(i.TIM_TimeBaseInit) for TIM_TimeBaseInit
    time.o(i.TIM_INIT) refers to stm32f4xx_tim.o(i.TIM_ClearFlag) for TIM_ClearFlag
    time.o(i.TIM_INIT) refers to stm32f4xx_tim.o(i.TIM_ITConfig) for TIM_ITConfig
    time.o(i.TIM_INIT) refers to stm32f4xx_tim.o(i.TIM_Cmd) for TIM_Cmd
    time.o(i.TIM_INIT) refers to misc.o(i.NVIC_Init) for NVIC_Init
    time.o(i.TIM_NVIC) refers to misc.o(i.NVIC_Init) for NVIC_Init
    stm32f4xx_flash.o(i.FLASH_EraseAllSectors) refers to stm32f4xx_flash.o(i.FLASH_WaitForLastOperation) for FLASH_WaitForLastOperation
    stm32f4xx_flash.o(i.FLASH_EraseSector) refers to stm32f4xx_flash.o(i.FLASH_WaitForLastOperation) for FLASH_WaitForLastOperation
    stm32f4xx_flash.o(i.FLASH_OB_Launch) refers to stm32f4xx_flash.o(i.FLASH_WaitForLastOperation) for FLASH_WaitForLastOperation
    stm32f4xx_flash.o(i.FLASH_OB_RDPConfig) refers to stm32f4xx_flash.o(i.FLASH_WaitForLastOperation) for FLASH_WaitForLastOperation
    stm32f4xx_flash.o(i.FLASH_OB_UserConfig) refers to stm32f4xx_flash.o(i.FLASH_WaitForLastOperation) for FLASH_WaitForLastOperation
[...]
    can.o(i.CAN1_Receive_Msg) refers to can.o(.data) for .data
    can.o(i.CAN1_Send_Msg) refers to stm32f4xx_can.o(i.CAN_Transmit) for CAN_Transmit
    can.o(i.CAN1_Send_Msg) refers to stm32f4xx_can.o(i.CAN_TransmitStatus) for CAN_TransmitStatus
    can.o(i.CAN2_Mode_Init) refers to stm32f4xx_rcc.o(i.RCC_AHB1PeriphClockCmd) for RCC_AHB1PeriphClockCmd
    can.o(i.CAN2_Mode_Init) refers to stm32f4xx_rcc.o(i.RCC_APB1PeriphClockCmd) for RCC_APB1PeriphClockCmd
    can.o(i.CAN2_Mode_Init) refers to stm32f4xx_gpio.o(i.GPIO_Init) for GPIO_Init
    can.o(i.CAN2_Mode_Init) refers to stm32f4xx_gpio.o(i.GPIO_PinAFConfig) for GPIO_PinAFConfig
    can.o(i.CAN2_Mode_Init) refers to stm32f4xx_can.o(i.CAN_Init) for CAN_Init
    can.o(i.CAN2_Mode_Init) refers to stm32f4xx_can.o(i.CAN_FilterInit) for CAN_FilterInit
    can.o(i.CAN2_Mode_Init) refers to stm32f4xx_can.o(i.CAN_ITConfig) for CAN_ITConfig
    can.o(i.CAN2_Mode_Init) refers to misc.o(i.NVIC_Init) for NVIC_Init
    can.o(i.CAN2_RX0_IRQHandler) refers to stm32f4xx_can.o(i.CAN_Receive) for CAN_Receive
    can.o(i.CAN2_RX0_IRQHandler) refers to time.o(i.Get_Cycle_T) for Get_Cycle_T
    can.o(i.CAN2_RX0_IRQHandler) refers to can.o(.data) for .data
    can.o(i.CAN2_RX0_IRQHandler) refers to can.o(.bss) for .bss
    can.o(i.CAN2_Receive_Msg) refers to stm32f4xx_can.o(i.CAN_MessagePending) for CAN_MessagePending
    can.o(i.CAN2_Receive_Msg) refers to stm32f4xx_can.o(i.CAN_Receive) for CAN_Receive
    can.o(i.CAN2_Receive_Msg) refers to can.o(.data) for .data
    can.o(i.CAN2_Send_Msg) refers to stm32f4xx_can.o(i.CAN_Transmit) for CAN_Transmit
    can.o(i.CAN2_Send_Msg) refers to stm32f4xx_can.o(i.CAN_TransmitStatus) for CAN_TransmitStatus
    can.o(i.CAN_board) refers to can.o(i.CAN2_Send_Msg) for CAN2_Send_Msg
    can.o(i.CAN_board) refers to can.o(i.CAN1_Send_Msg) for CAN1_Send_Msg
    can.o(i.CAN_board) refers to can.o(.bss) for .bss
    can.o(i.CAN_motor_init) refers to can.o(.bss) for .bss
    can.o(i.CAN_motor_sm) refers to can.o(i.CAN2_Send_Msg) for CAN2_Send_Msg
    can.o(i.CAN_motor_sm) refers to can.o(i.CAN_set_q) for CAN_set_q
    can.o(i.CAN_motor_sm) refers to can.o(i.CAN_set_torque) for CAN_set_torque
    can.o(i.CAN_motor_sm) refers to can.o(i.CAN_set_current) for CAN_set_current
    can.o(i.CAN_motor_sm) refers to can.o(.bss) for .bss
    can.o(i.CAN_reset_q) refers to can.o(i.CAN2_Send_Msg) for CAN2_Send_Msg
    can.o(i.CAN_reset_q) refers to can.o(i.CAN1_Send_Msg) for CAN1_Send_Msg
    can.o(i.CAN_reset_q) refers to can.o(.bss) for .bss
    can.o(i.CAN_set_current) refers to can.o(i.CAN2_Send_Msg) for CAN2_Send_Msg
    can.o(i.CAN_set_current) refers to can.o(i.CAN1_Send_Msg) for CAN1_Send_Msg
    can.o(i.CAN_set_current) refers to can.o(.bss) for .bss
    can.o(i.CAN_set_current_zero) refers to can.o(i.CAN2_Send_Msg) for CAN2_Send_Msg
    can.o(i.CAN_set_current_zero) refers to can.o(.bss) for .bss
    can.o(i.CAN_set_force) refers to can.o(i.CAN2_Send_Msg) for CAN2_Send_Msg
    can.o(i.CAN_set_force) refers to can.o(i.CAN1_Send_Msg) for CAN1_Send_Msg
    can.o(i.CAN_set_force) refers to can.o(.bss) for .bss
    can.o(i.CAN_set_q) refers to can.o(i.CAN2_Send_Msg) for CAN2_Send_Msg
    can.o(i.CAN_set_q) refers to can.o(i.CAN1_Send_Msg) for CAN1_Send_Msg
    can.o(i.CAN_set_q) refers to can.o(.bss) for .bss
    can.o(i.CAN_set_torque) refers to can.o(i.CAN2_Send_Msg) for CAN2_Send_Msg
    can.o(i.CAN_set_torque) refers to can.o(i.CAN1_Send_Msg) for CAN1_Send_Msg
    can.o(i.CAN_set_torque) refers to can.o(.bss) for .bss
    can.o(i.CAN_set_torque) refers to can.o(.data) for .data
    can.o(i.CAN_set_zero_off) refers to can.o(i.CAN2_Send_Msg) for CAN2_Send_Msg
    can.o(i.CAN_set_zero_off) refers to can.o(i.CAN1_Send_Msg) for CAN1_Send_Msg
    can.o(i.CAN_set_zero_off) refers to can.o(.bss) for .bss
    can.o(i.CAN_set_zero_off) refers to can.o(.data) for .data
    can.o(i.reset_current_cmd) refers to can.o(.bss) for .bss
    my_math.o(i.GenerateTrajectory) refers to f2d.o(.text) for __aeabi_f2d
    my_math.o(i.GenerateTrajectory) refers to dmul.o(.text) for __aeabi_dmul
    my_math.o(i.GenerateTrajectory) refers to dadd.o(.text) for __aeabi_dsub
    my_math.o(i.GenerateTrajectory) refers to d2f.o(.text) for __aeabi_d2f
    my_math.o(i.GenerateTrajectory) refers to ddiv.o(.text) for __aeabi_ddiv
    my_math.o(i.OLDX_SMOOTH_IN_ESOX) refers to my_math.o(i.my_sqrt) for my_sqrt
    my_math.o(i.OLDX_SMOOTH_IN_ESOX) refers to f2d.o(.text) for __aeabi_f2d
    my_math.o(i.OLDX_SMOOTH_IN_ESOX) refers to dmul.o(.text) for __aeabi_dmul
    my_math.o(i.OLDX_SMOOTH_IN_ESOX) refers to dadd.o(.text) for __aeabi_dadd
    my_math.o(i.OLDX_SMOOTH_IN_ESOX) refers to d2f.o(.text) for __aeabi_d2f
    my_math.o(i.fast_atan2) refers to my_math.o(.data) for .data
    my_math.o(i.get_tra) refers to my_math.o(i.get_trajecotry) for get_trajecotry
    my_math.o(i.get_trajecotry) refers to f2d.o(.text) for __aeabi_f2d
    my_math.o(i.get_trajecotry) refers to dmul.o(.text) for __aeabi_dmul
    my_math.o(i.get_trajecotry) refers to dadd.o(.text) for __aeabi_dadd
    my_math.o(i.get_trajecotry) refers to d2f.o(.text) for __aeabi_d2f
    my_math.o(i.mx_sin) refers to dmul.o(.text) for __aeabi_dmul
    my_math.o(i.mx_sin) refers to cdcmple.o(.text) for __aeabi_cdcmple
    my_math.o(i.mx_sin) refers to dadd.o(.text) for __aeabi_dadd
    my_math.o(i.my_atan) refers to my_math.o(i.fast_atan2) for fast_atan2
    my_math.o(i.my_cos) refers to dadd.o(.text) for __aeabi_dadd
    my_math.o(i.my_cos) refers to cdrcmple.o(.text) for __aeabi_cdrcmple
    my_math.o(i.my_cos) refers to dflti.o(.text) for __aeabi_i2d
    my_math.o(i.my_cos) refers to my_math.o(i.mx_sin) for mx_sin
    my_math.o(i.my_cos) refers to dmul.o(.text) for __aeabi_dmul
    my_math.o(i.my_cos) refers to d2f.o(.text) for __aeabi_d2f
    my_math.o(i.my_deathzoom_rc) refers to my_math.o(i.my_deathzoom_21) for my_deathzoom_21
    my_math.o(i.my_sin) refers to cdrcmple.o(.text) for __aeabi_cdrcmple
    my_math.o(i.my_sin) refers to dadd.o(.text) for __aeabi_dsub
    my_math.o(i.my_sin) refers to dflti.o(.text) for __aeabi_i2d
    my_math.o(i.my_sin) refers to my_math.o(i.mx_sin) for mx_sin
    my_math.o(i.my_sin) refers to dmul.o(.text) for __aeabi_dmul
    my_math.o(i.plan_tra) refers to my_math.o(i.GenerateTrajectory) for GenerateTrajectory
    mymath.o(i.DigitalLPFw) refers to f2d.o(.text) for __aeabi_f2d
    mymath.o(i.DigitalLPFw) refers to dmul.o(.text) for __aeabi_dmul
    mymath.o(i.DigitalLPFw) refers to ddiv.o(.text) for __aeabi_ddiv
    mymath.o(i.DigitalLPFw) refers to d2f.o(.text) for __aeabi_d2f
    mymath.o(i.cosdw) refers to f2d.o(.text) for __aeabi_f2d
    mymath.o(i.cosdw) refers to ddiv.o(.text) for __aeabi_ddiv
    mymath.o(i.cosdw) refers to d2f.o(.text) for __aeabi_d2f
    mymath.o(i.cosdw) refers to cosf.o(i.__hardfp_cosf) for __hardfp_cosf
    mymath.o(i.invet22w) refers to mymath.o(i.inv22w) for inv22w
    mymath.o(i.sindw) refers to f2d.o(.text) for __aeabi_f2d
    mymath.o(i.sindw) refers to ddiv.o(.text) for __aeabi_ddiv
    mymath.o(i.sindw) refers to d2f.o(.text) for __aeabi_d2f
    mymath.o(i.sindw) refers to sinf.o(i.__hardfp_sinf) for __hardfp_sinf
    fliter.o(i.Moving_Median) refers to fliter.o(.bss) for .bss
    cosf.o(i.__hardfp_cosf) refers (Special) to iusefp.o(.text) for __I$use$fp
    cosf.o(i.__hardfp_cosf) refers to rredf.o(i.__mathlib_rredf2) for __mathlib_rredf2
    cosf.o(i.__hardfp_cosf) refers to errno.o(i.__set_errno) for __set_errno
    cosf.o(i.__hardfp_cosf) refers to funder.o(i.__mathlib_flt_invalid) for __mathlib_flt_invalid
    cosf.o(i.__hardfp_cosf) refers to funder.o(i.__mathlib_flt_infnan) for __mathlib_flt_infnan
    cosf.o(i.__softfp_cosf) refers (Special) to iusefp.o(.text) for __I$use$fp
    cosf.o(i.__softfp_cosf) refers to cosf.o(i.__hardfp_cosf) for __hardfp_cosf
    cosf.o(i.cosf) refers (Special) to iusefp.o(.text) for __I$use$fp
    cosf.o(i.cosf) refers to cosf.o(i.__hardfp_cosf) for __hardfp_cosf
    cosf_x.o(i.____hardfp_cosf$lsc) refers (Special) to iusefp.o(.text) for __I$use$fp
    cosf_x.o(i.____hardfp_cosf$lsc) refers to rredf.o(i.__mathlib_rredf2) for __mathlib_rredf2
    cosf_x.o(i.____hardfp_cosf$lsc) refers to errno.o(i.__set_errno) for __set_errno
    cosf_x.o(i.____hardfp_cosf$lsc) refers to funder.o(i.__mathlib_flt_infnan) for __mathlib_flt_infnan
    cosf_x.o(i.____softfp_cosf$lsc) refers (Special) to iusefp.o(.text) for __I$use$fp
    cosf_x.o(i.____softfp_cosf$lsc) refers to cosf_x.o(i.____hardfp_cosf$lsc) for ____hardfp_cosf$lsc
    cosf_x.o(i.__cosf$lsc) refers (Special) to iusefp.o(.text) for __I$use$fp
    cosf_x.o(i.__cosf$lsc) refers to cosf_x.o(i.____hardfp_cosf$lsc) for ____hardfp_cosf$lsc
    sinf.o(i.__hardfp_sinf) refers (Special) to iusefp.o(.text) for __I$use$fp
    sinf.o(i.__hardfp_sinf) refers to rredf.o(i.__mathlib_rredf2) for __mathlib_rredf2
    sinf.o(i.__hardfp_sinf) refers to fpclassifyf.o(i.__ARM_fpclassifyf) for __ARM_fpclassifyf
    sinf.o(i.__hardfp_sinf) refers to funder.o(i.__mathlib_flt_underflow) for __mathlib_flt_underflow
    sinf.o(i.__hardfp_sinf) refers to errno.o(i.__set_errno) for __set_errno
    sinf.o(i.__hardfp_sinf) refers to funder.o(i.__mathlib_flt_invalid) for __mathlib_flt_invalid
    sinf.o(i.__hardfp_sinf) refers to funder.o(i.__mathlib_flt_infnan) for __mathlib_flt_infnan
    sinf.o(i.__softfp_sinf) refers (Special) to iusefp.o(.text) for __I$use$fp
    sinf.o(i.__softfp_sinf) refers to sinf.o(i.__hardfp_sinf) for __hardfp_sinf
    sinf.o(i.sinf) refers (Special) to iusefp.o(.text) for __I$use$fp
    sinf.o(i.sinf) refers to sinf.o(i.__hardfp_sinf) for __hardfp_sinf
    sinf_x.o(i.____hardfp_sinf$lsc) refers (Special) to iusefp.o(.text) for __I$use$fp
    sinf_x.o(i.____hardfp_sinf$lsc) refers to rredf.o(i.__mathlib_rredf2) for __mathlib_rredf2
    sinf_x.o(i.____hardfp_sinf$lsc) refers to errno.o(i.__set_errno) for __set_errno
    sinf_x.o(i.____hardfp_sinf$lsc) refers to funder.o(i.__mathlib_flt_infnan) for __mathlib_flt_infnan
    sinf_x.o(i.____softfp_sinf$lsc) refers (Special) to iusefp.o(.text) for __I$use$fp
    sinf_x.o(i.____softfp_sinf$lsc) refers to sinf_x.o(i.____hardfp_sinf$lsc) for ____hardfp_sinf$lsc
    sinf_x.o(i.__sinf$lsc) refers (Special) to iusefp.o(.text) for __I$use$fp
    sinf_x.o(i.__sinf$lsc) refers to sinf_x.o(i.____hardfp_sinf$lsc) for ____hardfp_sinf$lsc
    entry.o(.ARM.Collect$$$$00000000) refers (Special) to entry10a.o(.ARM.Collect$$$$0000000D) for __rt_final_cpp
    entry.o(.ARM.Collect$$$$00000000) refers (Special) to entry11a.o(.ARM.Collect$$$$0000000F) for __rt_final_exit
    entry.o(.ARM.Collect$$$$00000000) refers (Special) to entry7b.o(.ARM.Collect$$$$00000008) for _main_clock
    entry.o(.ARM.Collect$$$$00000000) refers (Special) to entry8b.o(.ARM.Collect$$$$0000000A) for _main_cpp_init
    entry.o(.ARM.Collect$$$$00000000) refers (Special) to entry9a.o(.ARM.Collect$$$$0000000B) for _main_init
    entry.o(.ARM.Collect$$$$00000000) refers (Special) to entry5.o(.ARM.Collect$$$$00000004) for _main_scatterload
    entry.o(.ARM.Collect$$$$00000000) refers (Special) to entry2.o(.ARM.Collect$$$$00000001) for _main_stk
    dadd.o(.text) refers (Special) to iusefp.o(.text) for __I$use$fp
    dadd.o(.text) refers to llshl.o(.text) for __aeabi_llsl
    dadd.o(.text) refers to llsshr.o(.text) for __aeabi_lasr
    dadd.o(.text) refers to depilogue.o(.text) for _double_epilogue
    dmul.o(.text) refers (Special) to iusefp.o(.text) for __I$use$fp
    dmul.o(.text) refers to depilogue.o(.text) for _double_epilogue
    ddiv.o(.text) refers (Special) to iusefp.o(.text) for __I$use$fp
    ddiv.o(.text) refers to depilogue.o(.text) for _double_round
    dflti.o(.text) refers (Special) to iusefp.o(.text) for __I$use$fp
    dflti.o(.text) refers to depilogue.o(.text) for _double_epilogue
    f2d.o(.text) refers (Special) to iusefp.o(.text) for __I$use$fp
    cdcmple.o(.text) refers (Special) to iusefp.o(.text) for __I$use$fp
    cdrcmple.o(.text) refers (Special) to iusefp.o(.text) for __I$use$fp
    d2f.o(.text) refers (Special) to iusefp.o(.text) for __I$use$fp
    d2f.o(.text) refers to fepilogue.o(.text) for _float_round
    fpclassifyf.o(i.__ARM_fpclassifyf) refers (Special) to iusefp.o(.text) for __I$use$fp
    rredf.o(i.__mathlib_rredf2) refers (Special) to iusefp.o(.text) for __I$use$fp
    rredf.o(i.__mathlib_rredf2) refers to rredf.o(.constdata) for .constdata
    rredf.o(.constdata) refers (Special) to iusefp.o(.text) for __I$use$fp
    entry2.o(.ARM.Collect$$$$00000001) refers to entry2.o(.ARM.Collect$$$$00002712) for __lit__00000000
    entry2.o(.ARM.Collect$$$$00002712) refers to startup_stm32f4xx.o(STACK) for __initial_sp
    entry2.o(__vectab_stack_and_reset_area) refers to startup_stm32f4xx.o(STACK) for __initial_sp
    entry2.o(__vectab_stack_and_reset_area) refers to entry.o(.ARM.Collect$$$$00000000) for __main
    entry5.o(.ARM.Collect$$$$00000004) refers to init.o(.text) for __scatterload
    entry9a.o(.ARM.Collect$$$$0000000B) refers to main.o(i.main) for main
    entry9b.o(.ARM.Collect$$$$0000000C) refers to main.o(i.main) for main
    errno.o(i.__aeabi_errno_addr) refers to errno.o(.data) for .data
    errno.o(i.__read_errno) refers to errno.o(.data) for .data
    errno.o(i.__set_errno) refers to errno.o(.data) for .data
    depilogue.o(.text) refers to llshl.o(.text) for __aeabi_llsl
    depilogue.o(.text) refers to llushr.o(.text) for __aeabi_llsr
    init.o(.text) refers to entry5.o(.ARM.Collect$$$$00000004) for __main_after_scatterload


==============================================================================

Removing Unused input sections from the image.

    Removing main.o(.rev16_text), (4 bytes).
    Removing main.o(.revsh_text), (4 bytes).
    Removing main.o(.rrx_text), (6 bytes).
    Removing stm32f4xx_it.o(.rev16_text), (4 bytes).
    Removing stm32f4xx_it.o(.revsh_text), (4 bytes).
    Removing stm32f4xx_it.o(.rrx_text), (6 bytes).
    Removing delay.o(.rev16_text), (4 bytes).
    Removing delay.o(.revsh_text), (4 bytes).
    Removing delay.o(.rrx_text), (6 bytes).
    Removing delay.o(i.delay_init), (44 bytes).
    Removing delay.o(i.delay_us), (4 bytes).
    Removing delay.o(i.delay_xms), (56 bytes).
    Removing delay.o(.data), (4 bytes).
    Removing sys.o(.rev16_text), (4 bytes).
    Removing sys.o(.revsh_text), (4 bytes).
    Removing sys.o(.rrx_text), (6 bytes).
    Removing sys.o(.emb_text), (16 bytes).
    Removing time.o(.rev16_text), (4 bytes).
    Removing time.o(.revsh_text), (4 bytes).
    Removing time.o(.rrx_text), (6 bytes).
    Removing time.o(i.Cycle_Time_Init), (128 bytes).
    Removing time.o(i.Delay_us), (92 bytes).
    Removing time.o(i.GetSysTime_us), (44 bytes).
    Removing time.o(i.TIM3_Int_Init), (100 bytes).
    Removing time.o(i.TIM_CONF), (90 bytes).
    Removing time.o(i.TIM_INIT), (128 bytes).
    Removing time.o(i.TIM_NVIC), (34 bytes).
    Removing time.o(i.micros), (8 bytes).
    Removing misc.o(.rev16_text), (4 bytes).
    Removing misc.o(.revsh_text), (4 bytes).
    Removing misc.o(.rrx_text), (6 bytes).
    Removing misc.o(i.NVIC_SetVectorTable), (20 bytes).
    Removing misc.o(i.NVIC_SystemLPConfig), (24 bytes).
    Removing stm32f4xx_dbgmcu.o(.rev16_text), (4 bytes).
    Removing stm32f4xx_dbgmcu.o(.revsh_text), (4 bytes).
    Removing stm32f4xx_dbgmcu.o(.rrx_text), (6 bytes).
    Removing stm32f4xx_dbgmcu.o(i.DBGMCU_APB1PeriphConfig), (24 bytes).
    Removing stm32f4xx_dbgmcu.o(i.DBGMCU_APB2PeriphConfig), (24 bytes).
    Removing stm32f4xx_dbgmcu.o(i.DBGMCU_Config), (24 bytes).
    Removing stm32f4xx_dbgmcu.o(i.DBGMCU_GetDEVID), (16 bytes).
    Removing stm32f4xx_dbgmcu.o(i.DBGMCU_GetREVID), (12 bytes).
    Removing stm32f4xx_dma.o(.rev16_text), (4 bytes).
    Removing stm32f4xx_dma.o(.revsh_text), (4 bytes).
    Removing stm32f4xx_dma.o(.rrx_text), (6 bytes).
    Removing stm32f4xx_dma.o(i.DMA_ClearFlag), (44 bytes).
    Removing stm32f4xx_dma.o(i.DMA_ClearITPendingBit), (44 bytes).
    Removing stm32f4xx_dma.o(i.DMA_Cmd), (18 bytes).
    Removing stm32f4xx_dma.o(i.DMA_DeInit), (392 bytes).
    Removing stm32f4xx_dma.o(i.DMA_DoubleBufferModeCmd), (18 bytes).
    Removing stm32f4xx_dma.o(i.DMA_DoubleBufferModeConfig), (20 bytes).
    Removing stm32f4xx_dma.o(i.DMA_FlowControllerConfig), (18 bytes).
    Removing stm32f4xx_dma.o(i.DMA_GetCmdStatus), (16 bytes).
    Removing stm32f4xx_dma.o(i.DMA_GetCurrDataCounter), (6 bytes).
    Removing stm32f4xx_dma.o(i.DMA_GetCurrentMemoryTarget), (16 bytes).
    Removing stm32f4xx_dma.o(i.DMA_GetFIFOStatus), (8 bytes).
    Removing stm32f4xx_dma.o(i.DMA_GetFlagStatus), (52 bytes).
    Removing stm32f4xx_dma.o(i.DMA_GetITStatus), (96 bytes).
    Removing stm32f4xx_dma.o(i.DMA_ITConfig), (48 bytes).
    Removing stm32f4xx_dma.o(i.DMA_Init), (120 bytes).
    Removing stm32f4xx_dma.o(i.DMA_MemoryTargetConfig), (10 bytes).
    Removing stm32f4xx_dma.o(i.DMA_PeriphIncOffsetSizeConfig), (18 bytes).
    Removing stm32f4xx_dma.o(i.DMA_SetCurrDataCounter), (4 bytes).
    Removing stm32f4xx_dma.o(i.DMA_StructInit), (34 bytes).
    Removing stm32f4xx_exti.o(.rev16_text), (4 bytes).
    Removing stm32f4xx_exti.o(.revsh_text), (4 bytes).
    Removing stm32f4xx_exti.o(.rrx_text), (6 bytes).
    Removing stm32f4xx_exti.o(i.EXTI_ClearFlag), (12 bytes).
    Removing stm32f4xx_exti.o(i.EXTI_ClearITPendingBit), (12 bytes).
    Removing stm32f4xx_exti.o(i.EXTI_DeInit), (40 bytes).
    Removing stm32f4xx_exti.o(i.EXTI_GenerateSWInterrupt), (16 bytes).
    Removing stm32f4xx_exti.o(i.EXTI_GetFlagStatus), (20 bytes).
    Removing stm32f4xx_exti.o(i.EXTI_GetITStatus), (32 bytes).
    Removing stm32f4xx_exti.o(i.EXTI_Init), (144 bytes).
    Removing stm32f4xx_exti.o(i.EXTI_StructInit), (14 bytes).
    Removing stm32f4xx_flash.o(.rev16_text), (4 bytes).
    Removing stm32f4xx_flash.o(.revsh_text), (4 bytes).
    Removing stm32f4xx_flash.o(.rrx_text), (6 bytes).
    Removing stm32f4xx_flash.o(i.FLASH_ClearFlag), (12 bytes).
    Removing stm32f4xx_flash.o(i.FLASH_DataCacheCmd), (24 bytes).
    Removing stm32f4xx_flash.o(i.FLASH_DataCacheReset), (16 bytes).
    Removing stm32f4xx_flash.o(i.FLASH_EraseAllSectors), (92 bytes).
    Removing stm32f4xx_flash.o(i.FLASH_EraseSector), (108 bytes).
    Removing stm32f4xx_flash.o(i.FLASH_GetFlagStatus), (20 bytes).
    Removing stm32f4xx_flash.o(i.FLASH_GetStatus), (56 bytes).
    Removing stm32f4xx_flash.o(i.FLASH_ITConfig), (24 bytes).
    Removing stm32f4xx_flash.o(i.FLASH_InstructionCacheCmd), (24 bytes).
    Removing stm32f4xx_flash.o(i.FLASH_InstructionCacheReset), (16 bytes).
    Removing stm32f4xx_flash.o(i.FLASH_Lock), (16 bytes).
    Removing stm32f4xx_flash.o(i.FLASH_OB_BORConfig), (24 bytes).
    Removing stm32f4xx_flash.o(i.FLASH_OB_GetBOR), (16 bytes).
    Removing stm32f4xx_flash.o(i.FLASH_OB_GetRDP), (20 bytes).
    Removing stm32f4xx_flash.o(i.FLASH_OB_GetUser), (16 bytes).
    Removing stm32f4xx_flash.o(i.FLASH_OB_GetWRP), (12 bytes).
    Removing stm32f4xx_flash.o(i.FLASH_OB_Launch), (20 bytes).
    Removing stm32f4xx_flash.o(i.FLASH_OB_Lock), (16 bytes).
    Removing stm32f4xx_flash.o(i.FLASH_OB_RDPConfig), (24 bytes).
    Removing stm32f4xx_flash.o(i.FLASH_OB_Unlock), (40 bytes).
    Removing stm32f4xx_flash.o(i.FLASH_OB_UserConfig), (40 bytes).
    Removing stm32f4xx_flash.o(i.FLASH_OB_WRPConfig), (36 bytes).
    Removing stm32f4xx_flash.o(i.FLASH_PrefetchBufferCmd), (24 bytes).
    Removing stm32f4xx_flash.o(i.FLASH_ProgramByte), (60 bytes).
    Removing stm32f4xx_flash.o(i.FLASH_ProgramDoubleWord), (68 bytes).
    Removing stm32f4xx_flash.o(i.FLASH_ProgramHalfWord), (64 bytes).
    Removing stm32f4xx_flash.o(i.FLASH_ProgramWord), (64 bytes).
    Removing stm32f4xx_flash.o(i.FLASH_SetLatency), (12 bytes).
    Removing stm32f4xx_flash.o(i.FLASH_Unlock), (40 bytes).
    Removing stm32f4xx_flash.o(i.FLASH_WaitForLastOperation), (100 bytes).
    Removing stm32f4xx_gpio.o(.rev16_text), (4 bytes).
    Removing stm32f4xx_gpio.o(.revsh_text), (4 bytes).
    Removing stm32f4xx_gpio.o(.rrx_text), (6 bytes).
    Removing stm32f4xx_gpio.o(i.GPIO_DeInit), (276 bytes).
    Removing stm32f4xx_gpio.o(i.GPIO_PinLockConfig), (26 bytes).
    Removing stm32f4xx_gpio.o(i.GPIO_ReadInputData), (6 bytes).
    Removing stm32f4xx_gpio.o(i.GPIO_ReadInputDataBit), (14 bytes).
    Removing stm32f4xx_gpio.o(i.GPIO_ReadOutputData), (6 bytes).
    Removing stm32f4xx_gpio.o(i.GPIO_ReadOutputDataBit), (14 bytes).
    Removing stm32f4xx_gpio.o(i.GPIO_ResetBits), (4 bytes).
    Removing stm32f4xx_gpio.o(i.GPIO_SetBits), (4 bytes).
    Removing stm32f4xx_gpio.o(i.GPIO_StructInit), (18 bytes).
    Removing stm32f4xx_gpio.o(i.GPIO_ToggleBits), (8 bytes).
    Removing stm32f4xx_gpio.o(i.GPIO_Write), (4 bytes).
    Removing stm32f4xx_gpio.o(i.GPIO_WriteBit), (10 bytes).
    Removing stm32f4xx_pwr.o(.rev16_text), (4 bytes).
    Removing stm32f4xx_pwr.o(.revsh_text), (4 bytes).
    Removing stm32f4xx_pwr.o(.rrx_text), (6 bytes).
    Removing stm32f4xx_pwr.o(i.PWR_BackupAccessCmd), (12 bytes).
    Removing stm32f4xx_pwr.o(i.PWR_BackupRegulatorCmd), (12 bytes).
    Removing stm32f4xx_pwr.o(i.PWR_ClearFlag), (16 bytes).
    Removing stm32f4xx_pwr.o(i.PWR_DeInit), (24 bytes).
    Removing stm32f4xx_pwr.o(i.PWR_EnterSTANDBYMode), (40 bytes).
    Removing stm32f4xx_pwr.o(i.PWR_EnterSTOPMode), (48 bytes).
    Removing stm32f4xx_pwr.o(i.PWR_FlashPowerDownCmd), (12 bytes).
    Removing stm32f4xx_pwr.o(i.PWR_GetFlagStatus), (20 bytes).
    Removing stm32f4xx_pwr.o(i.PWR_MainRegulatorModeConfig), (24 bytes).
    Removing stm32f4xx_pwr.o(i.PWR_PVDCmd), (12 bytes).
    Removing stm32f4xx_pwr.o(i.PWR_PVDLevelConfig), (20 bytes).
    Removing stm32f4xx_pwr.o(i.PWR_WakeUpPinCmd), (12 bytes).
    Removing stm32f4xx_rcc.o(.rev16_text), (4 bytes).
    Removing stm32f4xx_rcc.o(.revsh_text), (4 bytes).
    Removing stm32f4xx_rcc.o(.rrx_text), (6 bytes).
    Removing stm32f4xx_rcc.o(i.RCC_AHB1PeriphClockLPModeCmd), (24 bytes).
    Removing stm32f4xx_rcc.o(i.RCC_AHB1PeriphResetCmd), (24 bytes).
    Removing stm32f4xx_rcc.o(i.RCC_AHB2PeriphClockCmd), (24 bytes).
    Removing stm32f4xx_rcc.o(i.RCC_AHB2PeriphClockLPModeCmd), (24 bytes).
    Removing stm32f4xx_rcc.o(i.RCC_AHB2PeriphResetCmd), (24 bytes).
    Removing stm32f4xx_rcc.o(i.RCC_AHB3PeriphClockCmd), (24 bytes).
    Removing stm32f4xx_rcc.o(i.RCC_AHB3PeriphClockLPModeCmd), (24 bytes).
    Removing stm32f4xx_rcc.o(i.RCC_AHB3PeriphResetCmd), (24 bytes).
    Removing stm32f4xx_rcc.o(i.RCC_APB1PeriphClockLPModeCmd), (24 bytes).
    Removing stm32f4xx_rcc.o(i.RCC_APB1PeriphResetCmd), (24 bytes).
    Removing stm32f4xx_rcc.o(i.RCC_APB2PeriphClockCmd), (24 bytes).
    Removing stm32f4xx_rcc.o(i.RCC_APB2PeriphClockLPModeCmd), (24 bytes).
    Removing stm32f4xx_rcc.o(i.RCC_APB2PeriphResetCmd), (24 bytes).
    Removing stm32f4xx_rcc.o(i.RCC_AdjustHSICalibrationValue), (20 bytes).
    Removing stm32f4xx_rcc.o(i.RCC_BackupResetCmd), (12 bytes).
    Removing stm32f4xx_rcc.o(i.RCC_ClearFlag), (16 bytes).
    Removing stm32f4xx_rcc.o(i.RCC_ClearITPendingBit), (12 bytes).
    Removing stm32f4xx_rcc.o(i.RCC_ClockSecuritySystemCmd), (12 bytes).
    Removing stm32f4xx_rcc.o(i.RCC_DeInit), (64 bytes).
    Removing stm32f4xx_rcc.o(i.RCC_GetFlagStatus), (56 bytes).
    Removing stm32f4xx_rcc.o(i.RCC_GetITStatus), (20 bytes).
    Removing stm32f4xx_rcc.o(i.RCC_GetSYSCLKSource), (16 bytes).
    Removing stm32f4xx_rcc.o(i.RCC_HCLKConfig), (20 bytes).
    Removing stm32f4xx_rcc.o(i.RCC_HSEConfig), (16 bytes).
    Removing stm32f4xx_rcc.o(i.RCC_HSICmd), (12 bytes).
    Removing stm32f4xx_rcc.o(i.RCC_I2SCLKConfig), (12 bytes).
    Removing stm32f4xx_rcc.o(i.RCC_ITConfig), (24 bytes).
    Removing stm32f4xx_rcc.o(i.RCC_LSEConfig), (28 bytes).
    Removing stm32f4xx_rcc.o(i.RCC_LSICmd), (12 bytes).
    Removing stm32f4xx_rcc.o(i.RCC_MCO1Config), (20 bytes).
    Removing stm32f4xx_rcc.o(i.RCC_MCO2Config), (20 bytes).
    Removing stm32f4xx_rcc.o(i.RCC_PCLK1Config), (20 bytes).
    Removing stm32f4xx_rcc.o(i.RCC_PCLK2Config), (20 bytes).
    Removing stm32f4xx_rcc.o(i.RCC_PLLCmd), (12 bytes).
    Removing stm32f4xx_rcc.o(i.RCC_PLLConfig), (40 bytes).
    Removing stm32f4xx_rcc.o(i.RCC_PLLI2SCmd), (12 bytes).
    Removing stm32f4xx_rcc.o(i.RCC_PLLI2SConfig), (16 bytes).
    Removing stm32f4xx_rcc.o(i.RCC_RTCCLKCmd), (12 bytes).
    Removing stm32f4xx_rcc.o(i.RCC_RTCCLKConfig), (52 bytes).
    Removing stm32f4xx_rcc.o(i.RCC_SYSCLKConfig), (20 bytes).
    Removing stm32f4xx_rcc.o(i.RCC_WaitForHSEStartUp), (56 bytes).
    Removing stm32f4xx_spi.o(.rev16_text), (4 bytes).
    Removing stm32f4xx_spi.o(.revsh_text), (4 bytes).
    Removing stm32f4xx_spi.o(.rrx_text), (6 bytes).
    Removing stm32f4xx_spi.o(i.I2S_Cmd), (18 bytes).
    Removing stm32f4xx_spi.o(i.I2S_FullDuplexConfig), (70 bytes).
    Removing stm32f4xx_spi.o(i.I2S_Init), (244 bytes).
    Removing stm32f4xx_spi.o(i.I2S_StructInit), (18 bytes).
    Removing stm32f4xx_spi.o(i.SPI_BiDirectionalLineConfig), (20 bytes).
    Removing stm32f4xx_spi.o(i.SPI_CalculateCRC), (18 bytes).
    Removing stm32f4xx_spi.o(i.SPI_Cmd), (18 bytes).
    Removing stm32f4xx_spi.o(i.SPI_DataSizeConfig), (16 bytes).
    Removing stm32f4xx_spi.o(i.SPI_GetCRC), (10 bytes).
    Removing stm32f4xx_spi.o(i.SPI_GetCRCPolynomial), (4 bytes).
    Removing stm32f4xx_spi.o(i.SPI_I2S_ClearFlag), (6 bytes).
    Removing stm32f4xx_spi.o(i.SPI_I2S_ClearITPendingBit), (16 bytes).
    Removing stm32f4xx_spi.o(i.SPI_I2S_DMACmd), (16 bytes).
    Removing stm32f4xx_spi.o(i.SPI_I2S_DeInit), (100 bytes).
    Removing stm32f4xx_spi.o(i.SPI_I2S_GetFlagStatus), (14 bytes).
    Removing stm32f4xx_spi.o(i.SPI_I2S_GetITStatus), (46 bytes).
    Removing stm32f4xx_spi.o(i.SPI_I2S_ITConfig), (26 bytes).
    Removing stm32f4xx_spi.o(i.SPI_I2S_ReceiveData), (4 bytes).
    Removing stm32f4xx_spi.o(i.SPI_I2S_SendData), (4 bytes).
    Removing stm32f4xx_spi.o(i.SPI_Init), (84 bytes).
    Removing stm32f4xx_spi.o(i.SPI_NSSInternalSoftwareConfig), (22 bytes).
    Removing stm32f4xx_spi.o(i.SPI_SSOutputCmd), (18 bytes).
    Removing stm32f4xx_spi.o(i.SPI_StructInit), (24 bytes).
    Removing stm32f4xx_spi.o(i.SPI_TIModeCmd), (18 bytes).
    Removing stm32f4xx_spi.o(i.SPI_TransmitCRC), (10 bytes).
    Removing stm32f4xx_syscfg.o(.rev16_text), (4 bytes).
    Removing stm32f4xx_syscfg.o(.revsh_text), (4 bytes).
    Removing stm32f4xx_syscfg.o(.rrx_text), (6 bytes).
    Removing stm32f4xx_syscfg.o(i.SYSCFG_CompensationCellCmd), (12 bytes).
    Removing stm32f4xx_syscfg.o(i.SYSCFG_DeInit), (24 bytes).
    Removing stm32f4xx_syscfg.o(i.SYSCFG_ETH_MediaInterfaceConfig), (12 bytes).
    Removing stm32f4xx_syscfg.o(i.SYSCFG_EXTILineConfig), (46 bytes).
    Removing stm32f4xx_syscfg.o(i.SYSCFG_GetCompensationCellStatus), (20 bytes).
    Removing stm32f4xx_syscfg.o(i.SYSCFG_MemoryRemapConfig), (12 bytes).
    Removing stm32f4xx_tim.o(.rev16_text), (4 bytes).
    Removing stm32f4xx_tim.o(.revsh_text), (4 bytes).
    Removing stm32f4xx_tim.o(.rrx_text), (6 bytes).
    Removing stm32f4xx_tim.o(i.TI2_Config), (62 bytes).
    Removing stm32f4xx_tim.o(i.TIM_ARRPreloadConfig), (18 bytes).
    Removing stm32f4xx_tim.o(i.TIM_BDTRConfig), (36 bytes).
    Removing stm32f4xx_tim.o(i.TIM_BDTRStructInit), (18 bytes).
    Removing stm32f4xx_tim.o(i.TIM_CCPreloadControl), (18 bytes).
    Removing stm32f4xx_tim.o(i.TIM_CCxCmd), (26 bytes).
    Removing stm32f4xx_tim.o(i.TIM_CCxNCmd), (26 bytes).
    Removing stm32f4xx_tim.o(i.TIM_ClearFlag), (6 bytes).
    Removing stm32f4xx_tim.o(i.TIM_ClearITPendingBit), (6 bytes).
    Removing stm32f4xx_tim.o(i.TIM_ClearOC1Ref), (12 bytes).
    Removing stm32f4xx_tim.o(i.TIM_ClearOC2Ref), (20 bytes).
    Removing stm32f4xx_tim.o(i.TIM_ClearOC3Ref), (12 bytes).
    Removing stm32f4xx_tim.o(i.TIM_ClearOC4Ref), (20 bytes).
    Removing stm32f4xx_tim.o(i.TIM_Cmd), (18 bytes).
    Removing stm32f4xx_tim.o(i.TIM_CounterModeConfig), (12 bytes).
    Removing stm32f4xx_tim.o(i.TIM_CtrlPWMOutputs), (22 bytes).
    Removing stm32f4xx_tim.o(i.TIM_DMACmd), (16 bytes).
    Removing stm32f4xx_tim.o(i.TIM_DMAConfig), (8 bytes).
    Removing stm32f4xx_tim.o(i.TIM_DeInit), (436 bytes).
    Removing stm32f4xx_tim.o(i.TIM_ETRClockMode1Config), (40 bytes).
    Removing stm32f4xx_tim.o(i.TIM_ETRClockMode2Config), (40 bytes).
    Removing stm32f4xx_tim.o(i.TIM_ETRConfig), (32 bytes).
    Removing stm32f4xx_tim.o(i.TIM_EncoderInterfaceConfig), (60 bytes).
    Removing stm32f4xx_tim.o(i.TIM_ForcedOC1Config), (12 bytes).
    Removing stm32f4xx_tim.o(i.TIM_ForcedOC2Config), (20 bytes).
    Removing stm32f4xx_tim.o(i.TIM_ForcedOC3Config), (12 bytes).
    Removing stm32f4xx_tim.o(i.TIM_ForcedOC4Config), (20 bytes).
    Removing stm32f4xx_tim.o(i.TIM_GenerateEvent), (4 bytes).
    Removing stm32f4xx_tim.o(i.TIM_GetCapture1), (4 bytes).
    Removing stm32f4xx_tim.o(i.TIM_GetCapture2), (4 bytes).
    Removing stm32f4xx_tim.o(i.TIM_GetCapture3), (4 bytes).
    Removing stm32f4xx_tim.o(i.TIM_GetCapture4), (4 bytes).
    Removing stm32f4xx_tim.o(i.TIM_GetCounter), (4 bytes).
    Removing stm32f4xx_tim.o(i.TIM_GetFlagStatus), (14 bytes).
    Removing stm32f4xx_tim.o(i.TIM_GetITStatus), (22 bytes).
    Removing stm32f4xx_tim.o(i.TIM_GetPrescaler), (4 bytes).
    Removing stm32f4xx_tim.o(i.TIM_ICInit), (250 bytes).
    Removing stm32f4xx_tim.o(i.TIM_ICStructInit), (16 bytes).
    Removing stm32f4xx_tim.o(i.TIM_ITConfig), (16 bytes).
    Removing stm32f4xx_tim.o(i.TIM_ITRxExternalClockConfig), (20 bytes).
    Removing stm32f4xx_tim.o(i.TIM_InternalClockConfig), (10 bytes).
    Removing stm32f4xx_tim.o(i.TIM_OC1FastConfig), (12 bytes).
    Removing stm32f4xx_tim.o(i.TIM_OC1Init), (104 bytes).
    Removing stm32f4xx_tim.o(i.TIM_OC1NPolarityConfig), (12 bytes).
    Removing stm32f4xx_tim.o(i.TIM_OC1PolarityConfig), (12 bytes).
    Removing stm32f4xx_tim.o(i.TIM_OC1PreloadConfig), (12 bytes).
    Removing stm32f4xx_tim.o(i.TIM_OC2FastConfig), (20 bytes).
    Removing stm32f4xx_tim.o(i.TIM_OC2Init), (134 bytes).
    Removing stm32f4xx_tim.o(i.TIM_OC2NPolarityConfig), (20 bytes).
    Removing stm32f4xx_tim.o(i.TIM_OC2PolarityConfig), (20 bytes).
    Removing stm32f4xx_tim.o(i.TIM_OC2PreloadConfig), (20 bytes).
    Removing stm32f4xx_tim.o(i.TIM_OC3FastConfig), (12 bytes).
    Removing stm32f4xx_tim.o(i.TIM_OC3Init), (132 bytes).
    Removing stm32f4xx_tim.o(i.TIM_OC3NPolarityConfig), (20 bytes).
    Removing stm32f4xx_tim.o(i.TIM_OC3PolarityConfig), (20 bytes).
    Removing stm32f4xx_tim.o(i.TIM_OC3PreloadConfig), (12 bytes).
    Removing stm32f4xx_tim.o(i.TIM_OC4FastConfig), (20 bytes).
    Removing stm32f4xx_tim.o(i.TIM_OC4Init), (104 bytes).
    Removing stm32f4xx_tim.o(i.TIM_OC4PolarityConfig), (20 bytes).
    Removing stm32f4xx_tim.o(i.TIM_OC4PreloadConfig), (20 bytes).
    Removing stm32f4xx_tim.o(i.TIM_OCStructInit), (20 bytes).
    Removing stm32f4xx_tim.o(i.TIM_PWMIConfig), (216 bytes).
    Removing stm32f4xx_tim.o(i.TIM_PrescalerConfig), (6 bytes).
    Removing stm32f4xx_tim.o(i.TIM_RemapConfig), (6 bytes).
    Removing stm32f4xx_tim.o(i.TIM_SelectCCDMA), (18 bytes).
    Removing stm32f4xx_tim.o(i.TIM_SelectCOM), (18 bytes).
    Removing stm32f4xx_tim.o(i.TIM_SelectHallSensor), (18 bytes).
    Removing stm32f4xx_tim.o(i.TIM_SelectInputTrigger), (12 bytes).
    Removing stm32f4xx_tim.o(i.TIM_SelectMasterSlaveMode), (16 bytes).
    Removing stm32f4xx_tim.o(i.TIM_SelectOCxM), (102 bytes).
    Removing stm32f4xx_tim.o(i.TIM_SelectOnePulseMode), (16 bytes).
    Removing stm32f4xx_tim.o(i.TIM_SelectOutputTrigger), (16 bytes).
    Removing stm32f4xx_tim.o(i.TIM_SelectSlaveMode), (16 bytes).
    Removing stm32f4xx_tim.o(i.TIM_SetAutoreload), (4 bytes).
    Removing stm32f4xx_tim.o(i.TIM_SetClockDivision), (16 bytes).
    Removing stm32f4xx_tim.o(i.TIM_SetCompare1), (4 bytes).
    Removing stm32f4xx_tim.o(i.TIM_SetCompare2), (4 bytes).
    Removing stm32f4xx_tim.o(i.TIM_SetCompare3), (4 bytes).
    Removing stm32f4xx_tim.o(i.TIM_SetCompare4), (4 bytes).
    Removing stm32f4xx_tim.o(i.TIM_SetCounter), (4 bytes).
    Removing stm32f4xx_tim.o(i.TIM_SetIC1Prescaler), (16 bytes).
    Removing stm32f4xx_tim.o(i.TIM_SetIC2Prescaler), (24 bytes).
    Removing stm32f4xx_tim.o(i.TIM_SetIC3Prescaler), (16 bytes).
    Removing stm32f4xx_tim.o(i.TIM_SetIC4Prescaler), (24 bytes).
    Removing stm32f4xx_tim.o(i.TIM_TIxExternalClockConfig), (88 bytes).
    Removing stm32f4xx_tim.o(i.TIM_TimeBaseInit), (128 bytes).
    Removing stm32f4xx_tim.o(i.TIM_TimeBaseStructInit), (18 bytes).
    Removing stm32f4xx_tim.o(i.TIM_UpdateDisableConfig), (18 bytes).
    Removing stm32f4xx_tim.o(i.TIM_UpdateRequestConfig), (18 bytes).
    Removing stm32f4xx_usart.o(.rev16_text), (4 bytes).
    Removing stm32f4xx_usart.o(.revsh_text), (4 bytes).
    Removing stm32f4xx_usart.o(.rrx_text), (6 bytes).
    Removing stm32f4xx_usart.o(i.USART_ClearFlag), (6 bytes).
    Removing stm32f4xx_usart.o(i.USART_ClearITPendingBit), (14 bytes).
    Removing stm32f4xx_usart.o(i.USART_ClockInit), (34 bytes).
    Removing stm32f4xx_usart.o(i.USART_ClockStructInit), (12 bytes).
    Removing stm32f4xx_usart.o(i.USART_Cmd), (18 bytes).
    Removing stm32f4xx_usart.o(i.USART_DMACmd), (16 bytes).
    Removing stm32f4xx_usart.o(i.USART_DeInit), (192 bytes).
    Removing stm32f4xx_usart.o(i.USART_GetFlagStatus), (14 bytes).
    Removing stm32f4xx_usart.o(i.USART_GetITStatus), (66 bytes).
    Removing stm32f4xx_usart.o(i.USART_HalfDuplexCmd), (18 bytes).
    Removing stm32f4xx_usart.o(i.USART_ITConfig), (48 bytes).
    Removing stm32f4xx_usart.o(i.USART_Init), (184 bytes).
    Removing stm32f4xx_usart.o(i.USART_IrDACmd), (18 bytes).
    Removing stm32f4xx_usart.o(i.USART_IrDAConfig), (16 bytes).
    Removing stm32f4xx_usart.o(i.USART_LINBreakDetectLengthConfig), (16 bytes).
    Removing stm32f4xx_usart.o(i.USART_LINCmd), (18 bytes).
    Removing stm32f4xx_usart.o(i.USART_OneBitMethodCmd), (18 bytes).
    Removing stm32f4xx_usart.o(i.USART_OverSampling8Cmd), (18 bytes).
    Removing stm32f4xx_usart.o(i.USART_ReceiveData), (8 bytes).
    Removing stm32f4xx_usart.o(i.USART_ReceiverWakeUpCmd), (18 bytes).
    Removing stm32f4xx_usart.o(i.USART_SendBreak), (10 bytes).
    Removing stm32f4xx_usart.o(i.USART_SendData), (8 bytes).
    Removing stm32f4xx_usart.o(i.USART_SetAddress), (16 bytes).
    Removing stm32f4xx_usart.o(i.USART_SetGuardTime), (16 bytes).
    Removing stm32f4xx_usart.o(i.USART_SetPrescaler), (16 bytes).
    Removing stm32f4xx_usart.o(i.USART_SmartCardCmd), (18 bytes).
    Removing stm32f4xx_usart.o(i.USART_SmartCardNACKCmd), (18 bytes).
    Removing stm32f4xx_usart.o(i.USART_StructInit), (22 bytes).
    Removing stm32f4xx_usart.o(i.USART_WakeUpConfig), (16 bytes).
    Removing system_stm32f4xx.o(.rev16_text), (4 bytes).
    Removing system_stm32f4xx.o(.revsh_text), (4 bytes).
    Removing system_stm32f4xx.o(.rrx_text), (6 bytes).
    Removing system_stm32f4xx.o(i.SystemCoreClockUpdate), (132 bytes).
    Removing system_stm32f4xx.o(.data), (20 bytes).
    Removing stm32f4xx_adc.o(.rev16_text), (4 bytes).
    Removing stm32f4xx_adc.o(.revsh_text), (4 bytes).
    Removing stm32f4xx_adc.o(.rrx_text), (6 bytes).
    Removing stm32f4xx_adc.o(i.ADC_AnalogWatchdogCmd), (16 bytes).
    Removing stm32f4xx_adc.o(i.ADC_AnalogWatchdogSingleChannelConfig), (12 bytes).
    Removing stm32f4xx_adc.o(i.ADC_AnalogWatchdogThresholdsConfig), (6 bytes).
    Removing stm32f4xx_adc.o(i.ADC_AutoInjectedConvCmd), (18 bytes).
    Removing stm32f4xx_adc.o(i.ADC_ClearFlag), (6 bytes).
    Removing stm32f4xx_adc.o(i.ADC_ClearITPendingBit), (8 bytes).
    Removing stm32f4xx_adc.o(i.ADC_Cmd), (18 bytes).
    Removing stm32f4xx_adc.o(i.ADC_CommonInit), (44 bytes).
    Removing stm32f4xx_adc.o(i.ADC_CommonStructInit), (12 bytes).
    Removing stm32f4xx_adc.o(i.ADC_ContinuousModeCmd), (18 bytes).
    Removing stm32f4xx_adc.o(i.ADC_DMACmd), (18 bytes).
    Removing stm32f4xx_adc.o(i.ADC_DMARequestAfterLastTransferCmd), (18 bytes).
    Removing stm32f4xx_adc.o(i.ADC_DeInit), (24 bytes).
    Removing stm32f4xx_adc.o(i.ADC_DiscModeChannelCountConfig), (16 bytes).
    Removing stm32f4xx_adc.o(i.ADC_DiscModeCmd), (18 bytes).
    Removing stm32f4xx_adc.o(i.ADC_EOCOnEachRegularChannelCmd), (18 bytes).
    Removing stm32f4xx_adc.o(i.ADC_ExternalTrigInjectedConvConfig), (12 bytes).
    Removing stm32f4xx_adc.o(i.ADC_ExternalTrigInjectedConvEdgeConfig), (12 bytes).
    Removing stm32f4xx_adc.o(i.ADC_GetConversionValue), (6 bytes).
    Removing stm32f4xx_adc.o(i.ADC_GetFlagStatus), (14 bytes).
    Removing stm32f4xx_adc.o(i.ADC_GetITStatus), (36 bytes).
    Removing stm32f4xx_adc.o(i.ADC_GetInjectedConversionValue), (16 bytes).
    Removing stm32f4xx_adc.o(i.ADC_GetMultiModeConversionValue), (12 bytes).
    Removing stm32f4xx_adc.o(i.ADC_GetSoftwareStartConvStatus), (16 bytes).
    Removing stm32f4xx_adc.o(i.ADC_GetSoftwareStartInjectedConvCmdStatus), (16 bytes).
    Removing stm32f4xx_adc.o(i.ADC_ITConfig), (22 bytes).
    Removing stm32f4xx_adc.o(i.ADC_Init), (84 bytes).
    Removing stm32f4xx_adc.o(i.ADC_InjectedChannelConfig), (92 bytes).
    Removing stm32f4xx_adc.o(i.ADC_InjectedDiscModeCmd), (18 bytes).
    Removing stm32f4xx_adc.o(i.ADC_InjectedSequencerLengthConfig), (16 bytes).
    Removing stm32f4xx_adc.o(i.ADC_MultiModeDMARequestAfterLastTransferCmd), (28 bytes).
    Removing stm32f4xx_adc.o(i.ADC_RegularChannelConfig), (144 bytes).
    Removing stm32f4xx_adc.o(i.ADC_SetInjectedOffset), (12 bytes).
    Removing stm32f4xx_adc.o(i.ADC_SoftwareStartConv), (10 bytes).
    Removing stm32f4xx_adc.o(i.ADC_SoftwareStartInjectedConv), (10 bytes).
    Removing stm32f4xx_adc.o(i.ADC_StructInit), (20 bytes).
    Removing stm32f4xx_adc.o(i.ADC_TempSensorVrefintCmd), (28 bytes).
    Removing stm32f4xx_adc.o(i.ADC_VBATCmd), (28 bytes).
    Removing stm32f4xx_rng.o(.rev16_text), (4 bytes).
    Removing stm32f4xx_rng.o(.revsh_text), (4 bytes).
    Removing stm32f4xx_rng.o(.rrx_text), (6 bytes).
    Removing stm32f4xx_rng.o(i.RNG_ClearFlag), (16 bytes).
    Removing stm32f4xx_rng.o(i.RNG_ClearITPendingBit), (16 bytes).
    Removing stm32f4xx_rng.o(i.RNG_Cmd), (24 bytes).
    Removing stm32f4xx_rng.o(i.RNG_DeInit), (22 bytes).
    Removing stm32f4xx_rng.o(i.RNG_GetFlagStatus), (20 bytes).
    Removing stm32f4xx_rng.o(i.RNG_GetITStatus), (20 bytes).
    Removing stm32f4xx_rng.o(i.RNG_GetRandomNumber), (12 bytes).
    Removing stm32f4xx_rng.o(i.RNG_ITConfig), (24 bytes).
    Removing stm32f4xx_can.o(.rev16_text), (4 bytes).
    Removing stm32f4xx_can.o(.revsh_text), (4 bytes).
    Removing stm32f4xx_can.o(.rrx_text), (6 bytes).
    Removing stm32f4xx_can.o(i.CAN_CancelTransmit), (40 bytes).
    Removing stm32f4xx_can.o(i.CAN_ClearFlag), (52 bytes).
    Removing stm32f4xx_can.o(i.CAN_ClearITPendingBit), (156 bytes).
    Removing stm32f4xx_can.o(i.CAN_DBGFreeze), (18 bytes).
    Removing stm32f4xx_can.o(i.CAN_DeInit), (58 bytes).
    Removing stm32f4xx_can.o(i.CAN_FIFORelease), (22 bytes).
    Removing stm32f4xx_can.o(i.CAN_GetFlagStatus), (82 bytes).
    Removing stm32f4xx_can.o(i.CAN_GetITStatus), (268 bytes).
    Removing stm32f4xx_can.o(i.CAN_GetLSBTransmitErrorCounter), (8 bytes).
    Removing stm32f4xx_can.o(i.CAN_GetLastErrorCode), (10 bytes).
    Removing stm32f4xx_can.o(i.CAN_GetReceiveErrorCounter), (6 bytes).
    Removing stm32f4xx_can.o(i.CAN_MessagePending), (26 bytes).
    Removing stm32f4xx_can.o(i.CAN_OperatingModeRequest), (138 bytes).
    Removing stm32f4xx_can.o(i.CAN_SlaveStartBank), (44 bytes).
    Removing stm32f4xx_can.o(i.CAN_Sleep), (30 bytes).
    Removing stm32f4xx_can.o(i.CAN_StructInit), (32 bytes).
    Removing stm32f4xx_can.o(i.CAN_TTComModeCmd), (90 bytes).
    Removing stm32f4xx_can.o(i.CAN_WakeUp), (42 bytes).
    Removing stm32f4xx_iwdg.o(.rev16_text), (4 bytes).
    Removing stm32f4xx_iwdg.o(.revsh_text), (4 bytes).
    Removing stm32f4xx_iwdg.o(.rrx_text), (6 bytes).
    Removing stm32f4xx_iwdg.o(i.IWDG_Enable), (16 bytes).
    Removing stm32f4xx_iwdg.o(i.IWDG_GetFlagStatus), (20 bytes).
    Removing stm32f4xx_iwdg.o(i.IWDG_ReloadCounter), (16 bytes).
    Removing stm32f4xx_iwdg.o(i.IWDG_SetPrescaler), (12 bytes).
    Removing stm32f4xx_iwdg.o(i.IWDG_SetReload), (12 bytes).
    Removing stm32f4xx_iwdg.o(i.IWDG_WriteAccessCmd), (12 bytes).
    Removing startup_stm32f4xx.o(HEAP), (1024 bytes).
    Removing can.o(.rev16_text), (4 bytes).
    Removing can.o(.revsh_text), (4 bytes).
    Removing can.o(.rrx_text), (6 bytes).
    Removing can.o(i.CAN1_Receive_Msg), (88 bytes).
    Removing can.o(i.CAN2_Receive_Msg), (88 bytes).
    Removing can.o(i.CAN_board), (224 bytes).
    Removing can.o(i.CAN_reset_q), (224 bytes).
    Removing can.o(i.CAN_set_current_zero), (116 bytes).
    Removing can.o(i.CAN_set_force), (224 bytes).
    Removing can.o(i.CAN_set_zero_off), (176 bytes).
    Removing can.o(i.reset_current_cmd), (52 bytes).
    Removing can.o(.data), (4 bytes).
    Removing can.o(.data), (4 bytes).
    Removing can.o(.data), (8 bytes).
    Removing can.o(.data), (8 bytes).
    Removing my_math.o(i.ESO_AngularRate_run), (280 bytes).
    Removing my_math.o(i.ESO_AngularRate_update_u), (62 bytes).
    Removing my_math.o(i.GenerateTrajectory), (968 bytes).
    Removing my_math.o(i.OLDX_SMOOTH_IN_ESOX), (336 bytes).
    Removing my_math.o(i.TD4_init), (68 bytes).
    Removing my_math.o(i.TD4_reset), (28 bytes).
    Removing my_math.o(i.TD4_track3), (212 bytes).
    Removing my_math.o(i.TD4_track4), (308 bytes).
    Removing my_math.o(i.To_180_degrees), (48 bytes).
    Removing my_math.o(i.fast_atan2), (296 bytes).
    Removing my_math.o(i.get_tra), (84 bytes).
    Removing my_math.o(i.get_trajecotry), (1088 bytes).
    Removing my_math.o(i.init_ESO_AngularRate), (72 bytes).
    Removing my_math.o(i.limit_mine), (32 bytes).
    Removing my_math.o(i.limit_mine2), (34 bytes).
    Removing my_math.o(i.mx_sin), (264 bytes).
    Removing my_math.o(i.my_abs), (16 bytes).
    Removing my_math.o(i.my_atan), (16 bytes).
    Removing my_math.o(i.my_cos), (176 bytes).
    Removing my_math.o(i.my_deathzoom), (56 bytes).
    Removing my_math.o(i.my_deathzoom_2), (36 bytes).
    Removing my_math.o(i.my_deathzoom_21), (36 bytes).
    Removing my_math.o(i.my_deathzoom_rc), (184 bytes).
    Removing my_math.o(i.my_pow), (6 bytes).
    Removing my_math.o(i.my_pow_2_curve), (72 bytes).
    Removing my_math.o(i.my_sin), (104 bytes).
    Removing my_math.o(i.my_sqrt), (64 bytes).
    Removing my_math.o(i.plan_tra), (108 bytes).
    Removing my_math.o(.bss), (768 bytes).
    Removing my_math.o(.bss), (720 bytes).
    Removing my_math.o(.bss), (180 bytes).
    Removing my_math.o(.bss), (1760 bytes).
    Removing my_math.o(.data), (1028 bytes).
    Removing mymath.o(i.DigitalLPFw), (180 bytes).
    Removing mymath.o(i.To_360_degreesw), (24 bytes).
    Removing mymath.o(i.cosdw), (48 bytes).
    Removing mymath.o(i.deadw), (56 bytes).
    Removing mymath.o(i.force_disw), (2 bytes).
    Removing mymath.o(i.inv22w), (170 bytes).
    Removing mymath.o(i.invet22w), (424 bytes).
    Removing mymath.o(i.sindw), (48 bytes).
    Removing fliter.o(.rev16_text), (4 bytes).
    Removing fliter.o(.revsh_text), (4 bytes).
    Removing fliter.o(.rrx_text), (6 bytes).
    Removing fliter.o(i.Low_Fass_Filter), (356 bytes).
    Removing fliter.o(i.Moving_Average), (102 bytes).
    Removing fliter.o(i.Moving_Median), (184 bytes).
    Removing fliter.o(i.kalman2_filter), (254 bytes).
    Removing fliter.o(i.kalman2_init), (116 bytes).
    Removing fliter.o(.bss), (2430 bytes).
    Removing fliter.o(.bss), (120 bytes).
    Removing dflti.o(.text), (34 bytes).
    Removing cdcmple.o(.text), (48 bytes).
    Removing cdrcmple.o(.text), (48 bytes).

499 unused section(s) (total 28904 bytes) removed from the image.

==============================================================================

Image Symbol Table

    Local Symbols

    Symbol Name                              Value     Ov Type        Size  Object(Section)

    ../clib/microlib/errno.c                 0x00000000   Number         0  errno.o ABSOLUTE
    ../clib/microlib/init/entry.s            0x00000000   Number         0  entry.o ABSOLUTE
    ../clib/microlib/init/entry.s            0x00000000   Number         0  entry7a.o ABSOLUTE
    ../clib/microlib/init/entry.s            0x00000000   Number         0  entry8a.o ABSOLUTE
    ../clib/microlib/init/entry.s            0x00000000   Number         0  entry11b.o ABSOLUTE
    ../clib/microlib/init/entry.s            0x00000000   Number         0  entry10b.o ABSOLUTE
    ../clib/microlib/init/entry.s            0x00000000   Number         0  entry10a.o ABSOLUTE
    ../clib/microlib/init/entry.s            0x00000000   Number         0  entry9b.o ABSOLUTE
    ../clib/microlib/init/entry.s            0x00000000   Number         0  entry9a.o ABSOLUTE
    ../clib/microlib/init/entry.s            0x00000000   Number         0  entry8b.o ABSOLUTE
    ../clib/microlib/init/entry.s            0x00000000   Number         0  entry7b.o ABSOLUTE
    ../clib/microlib/init/entry.s            0x00000000   Number         0  entry5.o ABSOLUTE
    ../clib/microlib/init/entry.s            0x00000000   Number         0  entry2.o ABSOLUTE
    ../clib/microlib/init/entry.s            0x00000000   Number         0  entry11a.o ABSOLUTE
    ../clib/microlib/longlong.c              0x00000000   Number         0  llushr.o ABSOLUTE
    ../clib/microlib/longlong.c              0x00000000   Number         0  llsshr.o ABSOLUTE
    ../clib/microlib/longlong.c              0x00000000   Number         0  llshl.o ABSOLUTE
    ../clib/microlib/stubs.s                 0x00000000   Number         0  iusefp.o ABSOLUTE
    ../fplib/microlib/d2f.c                  0x00000000   Number         0  d2f.o ABSOLUTE
    ../fplib/microlib/f2d.c                  0x00000000   Number         0  f2d.o ABSOLUTE
    ../fplib/microlib/fpadd.c                0x00000000   Number         0  dadd.o ABSOLUTE
    ../fplib/microlib/fpdiv.c                0x00000000   Number         0  ddiv.o ABSOLUTE
    ../fplib/microlib/fpepilogue.c           0x00000000   Number         0  fepilogue.o ABSOLUTE
    ../fplib/microlib/fpepilogue.c           0x00000000   Number         0  depilogue.o ABSOLUTE
    ../fplib/microlib/fpflt.c                0x00000000   Number         0  dflti.o ABSOLUTE
    ../fplib/microlib/fpmul.c                0x00000000   Number         0  dmul.o ABSOLUTE
    ../mathlib/cosf.c                        0x00000000   Number         0  cosf_x.o ABSOLUTE
    ../mathlib/cosf.c                        0x00000000   Number         0  cosf.o ABSOLUTE
    ../mathlib/fpclassifyf.c                 0x00000000   Number         0  fpclassifyf.o ABSOLUTE
    ../mathlib/funder.c                      0x00000000   Number         0  funder.o ABSOLUTE
    ../mathlib/rredf.c                       0x00000000   Number         0  rredf.o ABSOLUTE
    ../mathlib/sinf.c                        0x00000000   Number         0  sinf_x.o ABSOLUTE
    ../mathlib/sinf.c                        0x00000000   Number         0  sinf.o ABSOLUTE
    ..\..\Quadruped Moco8 BLDC\drivers\time.c 0x00000000   Number         0  time.o ABSOLUTE
    ..\\..\\Quadruped Moco8 BLDC\\drivers\\time.c 0x00000000   Number         0  time.o ABSOLUTE
    Libraries\CMSIS\ST\STM32F4xx\Source\Templates\arm\startup_stm32f4xx.s 0x00000000   Number         0  startup_stm32f4xx.o ABSOLUTE
    Libraries\CMSIS\ST\STM32F4xx\Source\Templates\system_stm32f4xx.c 0x00000000   Number         0  system_stm32f4xx.o ABSOLUTE
    Libraries\STM32F4xx_StdPeriph_Driver\src\misc.c 0x00000000   Number         0  misc.o ABSOLUTE
    Libraries\STM32F4xx_StdPeriph_Driver\src\stm32f4xx_adc.c 0x00000000   Number         0  stm32f4xx_adc.o ABSOLUTE
    Libraries\STM32F4xx_StdPeriph_Driver\src\stm32f4xx_can.c 0x00000000   Number         0  stm32f4xx_can.o ABSOLUTE
    Libraries\STM32F4xx_StdPeriph_Driver\src\stm32f4xx_dbgmcu.c 0x00000000   Number         0  stm32f4xx_dbgmcu.o ABSOLUTE
    Libraries\STM32F4xx_StdPeriph_Driver\src\stm32f4xx_dma.c 0x00000000   Number         0  stm32f4xx_dma.o ABSOLUTE
    Libraries\STM32F4xx_StdPeriph_Driver\src\stm32f4xx_exti.c 0x00000000   Number         0  stm32f4xx_exti.o ABSOLUTE
    Libraries\STM32F4xx_StdPeriph_Driver\src\stm32f4xx_flash.c 0x00000000   Number         0  stm32f4xx_flash.o ABSOLUTE
    Libraries\STM32F4xx_StdPeriph_Driver\src\stm32f4xx_gpio.c 0x00000000   Number         0  stm32f4xx_gpio.o ABSOLUTE
    Libraries\STM32F4xx_StdPeriph_Driver\src\stm32f4xx_iwdg.c 0x00000000   Number         0  stm32f4xx_iwdg.o ABSOLUTE
    Libraries\STM32F4xx_StdPeriph_Driver\src\stm32f4xx_pwr.c 0x00000000   Number         0  stm32f4xx_pwr.o ABSOLUTE
    Libraries\STM32F4xx_StdPeriph_Driver\src\stm32f4xx_rcc.c 0x00000000   Number         0  stm32f4xx_rcc.o ABSOLUTE
    Libraries\STM32F4xx_StdPeriph_Driver\src\stm32f4xx_rng.c 0x00000000   Number         0  stm32f4xx_rng.o ABSOLUTE
    Libraries\STM32F4xx_StdPeriph_Driver\src\stm32f4xx_spi.c 0x00000000   Number         0  stm32f4xx_spi.o ABSOLUTE
    Libraries\STM32F4xx_StdPeriph_Driver\src\stm32f4xx_syscfg.c 0x00000000   Number         0  stm32f4xx_syscfg.o ABSOLUTE
    Libraries\STM32F4xx_StdPeriph_Driver\src\stm32f4xx_tim.c 0x00000000   Number         0  stm32f4xx_tim.o ABSOLUTE
    Libraries\STM32F4xx_StdPeriph_Driver\src\stm32f4xx_usart.c 0x00000000   Number         0  stm32f4xx_usart.o ABSOLUTE
    Libraries\\CMSIS\\ST\\STM32F4xx\\Source\\Templates\\system_stm32f4xx.c 0x00000000   Number         0  system_stm32f4xx.o ABSOLUTE
    Libraries\\STM32F4xx_StdPeriph_Driver\\src\\misc.c 0x00000000   Number         0  misc.o ABSOLUTE
    Libraries\\STM32F4xx_StdPeriph_Driver\\src\\stm32f4xx_adc.c 0x00000000   Number         0  stm32f4xx_adc.o ABSOLUTE
    Libraries\\STM32F4xx_StdPeriph_Driver\\src\\stm32f4xx_can.c 0x00000000   Number         0  stm32f4xx_can.o ABSOLUTE
    Libraries\\STM32F4xx_StdPeriph_Driver\\src\\stm32f4xx_dbgmcu.c 0x00000000   Number         0  stm32f4xx_dbgmcu.o ABSOLUTE
    Libraries\\STM32F4xx_StdPeriph_Driver\\src\\stm32f4xx_dma.c 0x00000000   Number         0  stm32f4xx_dma.o ABSOLUTE
    Libraries\\STM32F4xx_StdPeriph_Driver\\src\\stm32f4xx_exti.c 0x00000000   Number         0  stm32f4xx_exti.o ABSOLUTE
    Libraries\\STM32F4xx_StdPeriph_Driver\\src\\stm32f4xx_flash.c 0x00000000   Number         0  stm32f4xx_flash.o ABSOLUTE
    Libraries\\STM32F4xx_StdPeriph_Driver\\src\\stm32f4xx_gpio.c 0x00000000   Number         0  stm32f4xx_gpio.o ABSOLUTE
    Libraries\\STM32F4xx_StdPeriph_Driver\\src\\stm32f4xx_iwdg.c 0x00000000   Number         0  stm32f4xx_iwdg.o ABSOLUTE
    Libraries\\STM32F4xx_StdPeriph_Driver\\src\\stm32f4xx_pwr.c 0x00000000   Number         0  stm32f4xx_pwr.o ABSOLUTE
    Libraries\\STM32F4xx_StdPeriph_Driver\\src\\stm32f4xx_rcc.c 0x00000000   Number         0  stm32f4xx_rcc.o ABSOLUTE
    Libraries\\STM32F4xx_StdPeriph_Driver\\src\\stm32f4xx_rng.c 0x00000000   Number         0  stm32f4xx_rng.o ABSOLUTE
    Libraries\\STM32F4xx_StdPeriph_Driver\\src\\stm32f4xx_spi.c 0x00000000   Number         0  stm32f4xx_spi.o ABSOLUTE
    Libraries\\STM32F4xx_StdPeriph_Driver\\src\\stm32f4xx_syscfg.c 0x00000000   Number         0  stm32f4xx_syscfg.o ABSOLUTE
    Libraries\\STM32F4xx_StdPeriph_Driver\\src\\stm32f4xx_tim.c 0x00000000   Number         0  stm32f4xx_tim.o ABSOLUTE
    Libraries\\STM32F4xx_StdPeriph_Driver\\src\\stm32f4xx_usart.c 0x00000000   Number         0  stm32f4xx_usart.o ABSOLUTE
    applications\\fliter.c                   0x00000000   Number         0  fliter.o ABSOLUTE
    applications\\main.c                     0x00000000   Number         0  main.o ABSOLUTE
    applications\\stm32f4xx_it.c             0x00000000   Number         0  stm32f4xx_it.o ABSOLUTE
    applications\fliter.c                    0x00000000   Number         0  fliter.o ABSOLUTE
    applications\main.c                      0x00000000   Number         0  main.o ABSOLUTE
    applications\my_math.c                   0x00000000   Number         0  my_math.o ABSOLUTE
    applications\mymath.c                    0x00000000   Number         0  mymath.o ABSOLUTE
    applications\stm32f4xx_it.c              0x00000000   Number         0  stm32f4xx_it.o ABSOLUTE
    cdcmple.s                                0x00000000   Number         0  cdcmple.o ABSOLUTE
    cdrcmple.s                               0x00000000   Number         0  cdrcmple.o ABSOLUTE
    dc.s                                     0x00000000   Number         0  dc.o ABSOLUTE
    drivers\\can.c                           0x00000000   Number         0  can.o ABSOLUTE
    drivers\can.c                            0x00000000   Number         0  can.o ABSOLUTE
    handlers.s                               0x00000000   Number         0  handlers.o ABSOLUTE
    init.s                                   0x00000000   Number         0  init.o ABSOLUTE
    system_src\\delay.c                      0x00000000   Number         0  delay.o ABSOLUTE
    system_src\\sys.c                        0x00000000   Number         0  sys.o ABSOLUTE
    system_src\delay.c                       0x00000000   Number         0  delay.o ABSOLUTE
    system_src\sys.c                         0x00000000   Number         0  sys.o ABSOLUTE
    RESET                                    0x08000000   Section      392  startup_stm32f4xx.o(RESET)
    .ARM.Collect$$$$00000000                 0x08000188   Section        0  entry.o(.ARM.Collect$$$$00000000)
    .ARM.Collect$$$$00000001                 0x08000188   Section        4  entry2.o(.ARM.Collect$$$$00000001)
    .ARM.Collect$$$$00000004                 0x0800018c   Section        4  entry5.o(.ARM.Collect$$$$00000004)
    .ARM.Collect$$$$00000008                 0x08000190   Section        0  entry7b.o(.ARM.Collect$$$$00000008)
    .ARM.Collect$$$$0000000A                 0x08000190   Section        0  entry8b.o(.ARM.Collect$$$$0000000A)
    .ARM.Collect$$$$0000000B                 0x08000190   Section        8  entry9a.o(.ARM.Collect$$$$0000000B)
    .ARM.Collect$$$$0000000D                 0x08000198   Section        0  entry10a.o(.ARM.Collect$$$$0000000D)
    .ARM.Collect$$$$0000000F                 0x08000198   Section        0  entry11a.o(.ARM.Collect$$$$0000000F)
    .ARM.Collect$$$$00002712                 0x08000198   Section        4  entry2.o(.ARM.Collect$$$$00002712)
    __lit__00000000                          0x08000198   Data           4  entry2.o(.ARM.Collect$$$$00002712)
    .text                                    0x0800019c   Section       36  startup_stm32f4xx.o(.text)
    $v0                                      0x0800019c   Number         0  startup_stm32f4xx.o(.text)
    .text                                    0x080001c0   Section        0  dadd.o(.text)
    .text                                    0x0800030e   Section        0  dmul.o(.text)
    .text                                    0x080003f2   Section        0  ddiv.o(.text)
    .text                                    0x080004d0   Section        0  f2d.o(.text)
    .text                                    0x080004f6   Section        0  d2f.o(.text)
    .text                                    0x0800052e   Section        0  llshl.o(.text)
    .text                                    0x0800054c   Section        0  llsshr.o(.text)
    .text                                    0x08000570   Section        0  iusefp.o(.text)
    .text                                    0x08000570   Section        0  fepilogue.o(.text)
    .text                                    0x080005de   Section        0  depilogue.o(.text)
    .text                                    0x08000698   Section       36  init.o(.text)
    .text                                    0x080006bc   Section        0  llushr.o(.text)
    i.BusFault_Handler                       0x080006dc   Section        0  stm32f4xx_it.o(i.BusFault_Handler)
    i.CAN1_Mode_Init                         0x080006e0   Section        0  can.o(i.CAN1_Mode_Init)
    i.CAN1_RX0_IRQHandler                    0x080007e4   Section        0  can.o(i.CAN1_RX0_IRQHandler)
    i.CAN1_Send_Msg                          0x08000f48   Section        0  can.o(i.CAN1_Send_Msg)
    i.CAN2_Mode_Init                         0x08000fb0   Section        0  can.o(i.CAN2_Mode_Init)
    i.CAN2_RX0_IRQHandler                    0x080010b4   Section        0  can.o(i.CAN2_RX0_IRQHandler)
    i.CAN2_Send_Msg                          0x080017f4   Section        0  can.o(i.CAN2_Send_Msg)
    i.CAN_FilterInit                         0x0800185c   Section        0  stm32f4xx_can.o(i.CAN_FilterInit)
    i.CAN_ITConfig                           0x08001948   Section        0  stm32f4xx_can.o(i.CAN_ITConfig)
    i.CAN_Init                               0x08001958   Section        0  stm32f4xx_can.o(i.CAN_Init)
    i.CAN_Receive                            0x08001a4a   Section        0  stm32f4xx_can.o(i.CAN_Receive)
    i.CAN_Transmit                           0x08001afe   Section        0  stm32f4xx_can.o(i.CAN_Transmit)
    i.CAN_TransmitStatus                     0x08001bc0   Section        0  stm32f4xx_can.o(i.CAN_TransmitStatus)
    i.CAN_motor_init                         0x08001c3c   Section        0  can.o(i.CAN_motor_init)
    i.CAN_motor_sm                           0x08001ce4   Section        0  can.o(i.CAN_motor_sm)
    i.CAN_set_current                        0x08001df8   Section        0  can.o(i.CAN_set_current)
    i.CAN_set_q                              0x08001f18   Section        0  can.o(i.CAN_set_q)
    i.CAN_set_torque                         0x08001ff8   Section        0  can.o(i.CAN_set_torque)
    i.DebugMon_Handler                       0x08002120   Section        0  stm32f4xx_it.o(i.DebugMon_Handler)
    i.Delay_ms                               0x08002124   Section        0  time.o(i.Delay_ms)
    i.GPIO_Init                              0x0800218c   Section        0  stm32f4xx_gpio.o(i.GPIO_Init)
    i.GPIO_PinAFConfig                       0x0800222a   Section        0  stm32f4xx_gpio.o(i.GPIO_PinAFConfig)
    i.Get_Cycle_T                            0x0800224c   Section        0  time.o(i.Get_Cycle_T)
    i.MemManage_Handler                      0x080022c0   Section        0  stm32f4xx_it.o(i.MemManage_Handler)
    i.NMI_Handler                            0x080022c2   Section        0  stm32f4xx_it.o(i.NMI_Handler)
    i.NVIC_Init                              0x080022c4   Section        0  misc.o(i.NVIC_Init)
    i.NVIC_PriorityGroupConfig               0x08002338   Section        0  misc.o(i.NVIC_PriorityGroupConfig)
    i.RCC_AHB1PeriphClockCmd                 0x0800234c   Section        0  stm32f4xx_rcc.o(i.RCC_AHB1PeriphClockCmd)
    i.RCC_APB1PeriphClockCmd                 0x08002364   Section        0  stm32f4xx_rcc.o(i.RCC_APB1PeriphClockCmd)
    i.RCC_GetClocksFreq                      0x0800237c   Section        0  stm32f4xx_rcc.o(i.RCC_GetClocksFreq)
    i.SVC_Handler                            0x0800241c   Section        0  stm32f4xx_it.o(i.SVC_Handler)
    i.SysTick_CLKSourceConfig                0x0800241e   Section        0  misc.o(i.SysTick_CLKSourceConfig)
    i.SysTick_Configuration                  0x08002434   Section        0  time.o(i.SysTick_Configuration)
    i.SysTick_Handler                        0x08002478   Section        0  stm32f4xx_it.o(i.SysTick_Handler)
    i.SystemInit                             0x0800247c   Section        0  system_stm32f4xx.o(i.SystemInit)
    i.To_180_degreesw                        0x08002590   Section        0  mymath.o(i.To_180_degreesw)
    i.UsageFault_Handler                     0x080025c0   Section        0  stm32f4xx_it.o(i.UsageFault_Handler)
    i.__scatterload_copy                     0x080025c2   Section       14  handlers.o(i.__scatterload_copy)
    i.__scatterload_null                     0x080025d0   Section        2  handlers.o(i.__scatterload_null)
    i.__scatterload_zeroinit                 0x080025d2   Section       14  handlers.o(i.__scatterload_zeroinit)
    i.delay_ms                               0x080025e0   Section        0  delay.o(i.delay_ms)
    i.limitw                                 0x080025e4   Section        0  mymath.o(i.limitw)
    i.main                                   0x08002604   Section        0  main.o(i.main)
    i.pos_control                            0x08002690   Section        0  main.o(i.pos_control)
    .data                                    0x20000000   Section       16  main.o(.data)
    .data                                    0x20000010   Section        4  time.o(.data)
    .data                                    0x20000014   Section       16  stm32f4xx_rcc.o(.data)
    APBAHBPrescTable                         0x20000014   Data          16  stm32f4xx_rcc.o(.data)
    .data                                    0x20000024   Section       64  can.o(.data)
    cnt_rx                                   0x2000002c   Data           4  can.o(.data)
    led_flag                                 0x20000030   Data           4  can.o(.data)
    cnt_rx                                   0x20000034   Data           4  can.o(.data)
    led_flag                                 0x20000038   Data           4  can.o(.data)
    id                                       0x2000003c   Data           4  can.o(.data)
    .bss                                     0x20000064   Section      192  main.o(.bss)
    q_reg                                    0x20000104   Data          32  main.o(.bss)
    .bss                                     0x20000124   Section      180  time.o(.bss)
    .bss                                     0x200001d8   Section      880  can.o(.bss)
    cnt_                                     0x200001e8   Data          16  can.o(.bss)
    state_                                   0x200001f8   Data          16  can.o(.bss)
    STACK                                    0x20000548   Section     2048  startup_stm32f4xx.o(STACK)

    Global Symbols

    Symbol Name                              Value     Ov Type        Size  Object(Section)

    BuildAttributes$$THM_ISAv4$E$P$D$K$B$S$7EM$VFPi3$EXTD16$VFPS$VFMA$PE$A:L22UL41UL21$X:L11$S22US41US21$IEEE1$IW$USESV6$~STKCKD$USESV7$~SHL$OTIME$ROPI$IEEEX$EBA8$MICROLIB$REQ8$PRES8$EABIv2 0x00000000   Number         0  anon$$obj.o ABSOLUTE
    __ARM_use_no_argv                        0x00000000   Number         0  main.o ABSOLUTE
    __cpp_initialize__aeabi_                  - Undefined Weak Reference
    __cxa_finalize                            - Undefined Weak Reference
    __decompress                              - Undefined Weak Reference
    _clock_init                               - Undefined Weak Reference
    _microlib_exit                            - Undefined Weak Reference
    __Vectors_Size                           0x00000188   Number         0  startup_stm32f4xx.o ABSOLUTE
    __Vectors                                0x08000000   Data           4  startup_stm32f4xx.o(RESET)
    __Vectors_End                            0x08000188   Data           0  startup_stm32f4xx.o(RESET)
    __main                                   0x08000189   Thumb Code     0  entry.o(.ARM.Collect$$$$00000000)
    _main_stk                                0x08000189   Thumb Code     0  entry2.o(.ARM.Collect$$$$00000001)
    _main_scatterload                        0x0800018d   Thumb Code     0  entry5.o(.ARM.Collect$$$$00000004)
    __main_after_scatterload                 0x08000191   Thumb Code     0  entry5.o(.ARM.Collect$$$$00000004)
    _main_clock                              0x08000191   Thumb Code     0  entry7b.o(.ARM.Collect$$$$00000008)
    _main_cpp_init                           0x08000191   Thumb Code     0  entry8b.o(.ARM.Collect$$$$0000000A)
    _main_init                               0x08000191   Thumb Code     0  entry9a.o(.ARM.Collect$$$$0000000B)
    __rt_final_cpp                           0x08000199   Thumb Code     0  entry10a.o(.ARM.Collect$$$$0000000D)
    __rt_final_exit                          0x08000199   Thumb Code     0  entry11a.o(.ARM.Collect$$$$0000000F)
    Reset_Handler                            0x0800019d   Thumb Code     8  startup_stm32f4xx.o(.text)
    HardFault_Handler                        0x080001a7   Thumb Code     2  startup_stm32f4xx.o(.text)
    PendSV_Handler                           0x080001b3   Thumb Code     2  startup_stm32f4xx.o(.text)
    ADC_IRQHandler                           0x080001b7   Thumb Code     0  startup_stm32f4xx.o(.text)
    CAN1_RX1_IRQHandler                      0x080001b7   Thumb Code     0  startup_stm32f4xx.o(.text)
    CAN1_SCE_IRQHandler                      0x080001b7   Thumb Code     0  startup_stm32f4xx.o(.text)
    CAN1_TX_IRQHandler                       0x080001b7   Thumb Code     0  startup_stm32f4xx.o(.text)
    CAN2_RX1_IRQHandler                      0x080001b7   Thumb Code     0  startup_stm32f4xx.o(.text)
    CAN2_SCE_IRQHandler                      0x080001b7   Thumb Code     0  startup_stm32f4xx.o(.text)
    CAN2_TX_IRQHandler                       0x080001b7   Thumb Code     0  startup_stm32f4xx.o(.text)
    CRYP_IRQHandler                          0x080001b7   Thumb Code     0  startup_stm32f4xx.o(.text)
    DCMI_IRQHandler                          0x080001b7   Thumb Code     0  startup_stm32f4xx.o(.text)
    DMA1_Stream0_IRQHandler                  0x080001b7   Thumb Code     0  startup_stm32f4xx.o(.text)
    DMA1_Stream1_IRQHandler                  0x080001b7   Thumb Code     0  startup_stm32f4xx.o(.text)
    DMA1_Stream2_IRQHandler                  0x080001b7   Thumb Code     0  startup_stm32f4xx.o(.text)
    DMA1_Stream3_IRQHandler                  0x080001b7   Thumb Code     0  startup_stm32f4xx.o(.text)
    DMA1_Stream4_IRQHandler                  0x080001b7   Thumb Code     0  startup_stm32f4xx.o(.text)
    DMA1_Stream5_IRQHandler                  0x080001b7   Thumb Code     0  startup_stm32f4xx.o(.text)
    DMA1_Stream6_IRQHandler                  0x080001b7   Thumb Code     0  startup_stm32f4xx.o(.text)
    DMA1_Stream7_IRQHandler                  0x080001b7   Thumb Code     0  startup_stm32f4xx.o(.text)
    DMA2_Stream0_IRQHandler                  0x080001b7   Thumb Code     0  startup_stm32f4xx.o(.text)
    DMA2_Stream1_IRQHandler                  0x080001b7   Thumb Code     0  startup_stm32f4xx.o(.text)
    DMA2_Stream2_IRQHandler                  0x080001b7   Thumb Code     0  startup_stm32f4xx.o(.text)
    DMA2_Stream3_IRQHandler                  0x080001b7   Thumb Code     0  startup_stm32f4xx.o(.text)
    DMA2_Stream4_IRQHandler                  0x080001b7   Thumb Code     0  startup_stm32f4xx.o(.text)
    DMA2_Stream5_IRQHandler                  0x080001b7   Thumb Code     0  startup_stm32f4xx.o(.text)
    DMA2_Stream6_IRQHandler                  0x080001b7   Thumb Code     0  startup_stm32f4xx.o(.text)
    DMA2_Stream7_IRQHandler                  0x080001b7   Thumb Code     0  startup_stm32f4xx.o(.text)
    ETH_IRQHandler                           0x080001b7   Thumb Code     0  startup_stm32f4xx.o(.text)
    ETH_WKUP_IRQHandler                      0x080001b7   Thumb Code     0  startup_stm32f4xx.o(.text)
    EXTI0_IRQHandler                         0x080001b7   Thumb Code     0  startup_stm32f4xx.o(.text)
    EXTI15_10_IRQHandler                     0x080001b7   Thumb Code     0  startup_stm32f4xx.o(.text)
    EXTI1_IRQHandler                         0x080001b7   Thumb Code     0  startup_stm32f4xx.o(.text)
    EXTI2_IRQHandler                         0x080001b7   Thumb Code     0  startup_stm32f4xx.o(.text)
    EXTI3_IRQHandler                         0x080001b7   Thumb Code     0  startup_stm32f4xx.o(.text)
    EXTI4_IRQHandler                         0x080001b7   Thumb Code     0  startup_stm32f4xx.o(.text)
    EXTI9_5_IRQHandler                       0x080001b7   Thumb Code     0  startup_stm32f4xx.o(.text)
    FLASH_IRQHandler                         0x080001b7   Thumb Code     0  startup_stm32f4xx.o(.text)
    FPU_IRQHandler                           0x080001b7   Thumb Code     0  startup_stm32f4xx.o(.text)
    FSMC_IRQHandler                          0x080001b7   Thumb Code     0  startup_stm32f4xx.o(.text)
    HASH_RNG_IRQHandler                      0x080001b7   Thumb Code     0  startup_stm32f4xx.o(.text)
    I2C1_ER_IRQHandler                       0x080001b7   Thumb Code     0  startup_stm32f4xx.o(.text)
    I2C1_EV_IRQHandler                       0x080001b7   Thumb Code     0  startup_stm32f4xx.o(.text)
    I2C2_ER_IRQHandler                       0x080001b7   Thumb Code     0  startup_stm32f4xx.o(.text)
    I2C2_EV_IRQHandler                       0x080001b7   Thumb Code     0  startup_stm32f4xx.o(.text)
    I2C3_ER_IRQHandler                       0x080001b7   Thumb Code     0  startup_stm32f4xx.o(.text)
    I2C3_EV_IRQHandler                       0x080001b7   Thumb Code     0  startup_stm32f4xx.o(.text)
    OTG_FS_IRQHandler                        0x080001b7   Thumb Code     0  startup_stm32f4xx.o(.text)
    OTG_FS_WKUP_IRQHandler                   0x080001b7   Thumb Code     0  startup_stm32f4xx.o(.text)
    OTG_HS_EP1_IN_IRQHandler                 0x080001b7   Thumb Code     0  startup_stm32f4xx.o(.text)
    OTG_HS_EP1_OUT_IRQHandler                0x080001b7   Thumb Code     0  startup_stm32f4xx.o(.text)
    OTG_HS_IRQHandler                        0x080001b7   Thumb Code     0  startup_stm32f4xx.o(.text)
    OTG_HS_WKUP_IRQHandler                   0x080001b7   Thumb Code     0  startup_stm32f4xx.o(.text)
    PVD_IRQHandler                           0x080001b7   Thumb Code     0  startup_stm32f4xx.o(.text)
    RCC_IRQHandler                           0x080001b7   Thumb Code     0  startup_stm32f4xx.o(.text)
    RTC_Alarm_IRQHandler                     0x080001b7   Thumb Code     0  startup_stm32f4xx.o(.text)
    RTC_WKUP_IRQHandler                      0x080001b7   Thumb Code     0  startup_stm32f4xx.o(.text)
    SDIO_IRQHandler                          0x080001b7   Thumb Code     0  startup_stm32f4xx.o(.text)
    SPI1_IRQHandler                          0x080001b7   Thumb Code     0  startup_stm32f4xx.o(.text)
    SPI2_IRQHandler                          0x080001b7   Thumb Code     0  startup_stm32f4xx.o(.text)
    SPI3_IRQHandler                          0x080001b7   Thumb Code     0  startup_stm32f4xx.o(.text)
    TAMP_STAMP_IRQHandler                    0x080001b7   Thumb Code     0  startup_stm32f4xx.o(.text)
    TIM1_BRK_TIM9_IRQHandler                 0x080001b7   Thumb Code     0  startup_stm32f4xx.o(.text)
    TIM1_CC_IRQHandler                       0x080001b7   Thumb Code     0  startup_stm32f4xx.o(.text)
    TIM1_TRG_COM_TIM11_IRQHandler            0x080001b7   Thumb Code     0  startup_stm32f4xx.o(.text)
    TIM1_UP_TIM10_IRQHandler                 0x080001b7   Thumb Code     0  startup_stm32f4xx.o(.text)
    TIM2_IRQHandler                          0x080001b7   Thumb Code     0  startup_stm32f4xx.o(.text)
    TIM3_IRQHandler                          0x080001b7   Thumb Code     0  startup_stm32f4xx.o(.text)
    TIM4_IRQHandler                          0x080001b7   Thumb Code     0  startup_stm32f4xx.o(.text)
    TIM5_IRQHandler                          0x080001b7   Thumb Code     0  startup_stm32f4xx.o(.text)
    TIM6_DAC_IRQHandler                      0x080001b7   Thumb Code     0  startup_stm32f4xx.o(.text)
    TIM7_IRQHandler                          0x080001b7   Thumb Code     0  startup_stm32f4xx.o(.text)
    TIM8_BRK_TIM12_IRQHandler                0x080001b7   Thumb Code     0  startup_stm32f4xx.o(.text)
    TIM8_CC_IRQHandler                       0x080001b7   Thumb Code     0  startup_stm32f4xx.o(.text)
    TIM8_TRG_COM_TIM14_IRQHandler            0x080001b7   Thumb Code     0  startup_stm32f4xx.o(.text)
    TIM8_UP_TIM13_IRQHandler                 0x080001b7   Thumb Code     0  startup_stm32f4xx.o(.text)
    UART4_IRQHandler                         0x080001b7   Thumb Code     0  startup_stm32f4xx.o(.text)
    UART5_IRQHandler                         0x080001b7   Thumb Code     0  startup_stm32f4xx.o(.text)
    USART1_IRQHandler                        0x080001b7   Thumb Code     0  startup_stm32f4xx.o(.text)
    USART2_IRQHandler                        0x080001b7   Thumb Code     0  startup_stm32f4xx.o(.text)
    USART3_IRQHandler                        0x080001b7   Thumb Code     0  startup_stm32f4xx.o(.text)
    USART6_IRQHandler                        0x080001b7   Thumb Code     0  startup_stm32f4xx.o(.text)
    WWDG_IRQHandler                          0x080001b7   Thumb Code     0  startup_stm32f4xx.o(.text)
    __aeabi_dadd                             0x080001c1   Thumb Code   322  dadd.o(.text)
    __aeabi_dsub                             0x08000303   Thumb Code     6  dadd.o(.text)
    __aeabi_drsub                            0x08000309   Thumb Code     6  dadd.o(.text)
    __aeabi_dmul                             0x0800030f   Thumb Code   228  dmul.o(.text)
    __aeabi_ddiv                             0x080003f3   Thumb Code   222  ddiv.o(.text)
    __aeabi_f2d                              0x080004d1   Thumb Code    38  f2d.o(.text)
    __aeabi_d2f                              0x080004f7   Thumb Code    56  d2f.o(.text)
    __aeabi_llsl                             0x0800052f   Thumb Code    30  llshl.o(.text)
    _ll_shift_l                              0x0800052f   Thumb Code     0  llshl.o(.text)
    __aeabi_lasr                             0x0800054d   Thumb Code    36  llsshr.o(.text)
    _ll_sshift_r                             0x0800054d   Thumb Code     0  llsshr.o(.text)
    __I$use$fp                               0x08000571   Thumb Code     0  iusefp.o(.text)
    _float_round                             0x08000571   Thumb Code    18  fepilogue.o(.text)
    _float_epilogue                          0x08000583   Thumb Code    92  fepilogue.o(.text)
    _double_round                            0x080005df   Thumb Code    30  depilogue.o(.text)
    _double_epilogue                         0x080005fd   Thumb Code   156  depilogue.o(.text)
    __scatterload                            0x08000699   Thumb Code    28  init.o(.text)
    __scatterload_rt2                        0x08000699   Thumb Code     0  init.o(.text)
    __aeabi_llsr                             0x080006bd   Thumb Code    32  llushr.o(.text)
    _ll_ushift_r                             0x080006bd   Thumb Code     0  llushr.o(.text)
    BusFault_Handler                         0x080006dd   Thumb Code     2  stm32f4xx_it.o(i.BusFault_Handler)
    CAN1_Mode_Init                           0x080006e1   Thumb Code   250  can.o(i.CAN1_Mode_Init)
    CAN1_RX0_IRQHandler                      0x080007e5   Thumb Code  1884  can.o(i.CAN1_RX0_IRQHandler)
    CAN1_Send_Msg                            0x08000f49   Thumb Code   100  can.o(i.CAN1_Send_Msg)
    CAN2_Mode_Init                           0x08000fb1   Thumb Code   250  can.o(i.CAN2_Mode_Init)
    CAN2_RX0_IRQHandler                      0x080010b5   Thumb Code  1848  can.o(i.CAN2_RX0_IRQHandler)
    CAN2_Send_Msg                            0x080017f5   Thumb Code   100  can.o(i.CAN2_Send_Msg)
    CAN_FilterInit                           0x0800185d   Thumb Code   216  stm32f4xx_can.o(i.CAN_FilterInit)
    CAN_ITConfig                             0x08001949   Thumb Code    16  stm32f4xx_can.o(i.CAN_ITConfig)
    CAN_Init                                 0x08001959   Thumb Code   242  stm32f4xx_can.o(i.CAN_Init)
    CAN_Receive                              0x08001a4b   Thumb Code   180  stm32f4xx_can.o(i.CAN_Receive)
    CAN_Transmit                             0x08001aff   Thumb Code   192  stm32f4xx_can.o(i.CAN_Transmit)
    CAN_TransmitStatus                       0x08001bc1   Thumb Code   106  stm32f4xx_can.o(i.CAN_TransmitStatus)
    CAN_motor_init                           0x08001c3d   Thumb Code   144  can.o(i.CAN_motor_init)
    CAN_motor_sm                             0x08001ce5   Thumb Code   270  can.o(i.CAN_motor_sm)
    CAN_set_current                          0x08001df9   Thumb Code   278  can.o(i.CAN_set_current)
    CAN_set_q                                0x08001f19   Thumb Code   220  can.o(i.CAN_set_q)
    CAN_set_torque                           0x08001ff9   Thumb Code   282  can.o(i.CAN_set_torque)
    DebugMon_Handler                         0x08002121   Thumb Code     2  stm32f4xx_it.o(i.DebugMon_Handler)
    Delay_ms                                 0x08002125   Thumb Code    98  time.o(i.Delay_ms)
    GPIO_Init                                0x0800218d   Thumb Code   158  stm32f4xx_gpio.o(i.GPIO_Init)
    GPIO_PinAFConfig                         0x0800222b   Thumb Code    34  stm32f4xx_gpio.o(i.GPIO_PinAFConfig)
    Get_Cycle_T                              0x0800224d   Thumb Code   104  time.o(i.Get_Cycle_T)
    MemManage_Handler                        0x080022c1   Thumb Code     2  stm32f4xx_it.o(i.MemManage_Handler)
    NMI_Handler                              0x080022c3   Thumb Code     2  stm32f4xx_it.o(i.NMI_Handler)
    NVIC_Init                                0x080022c5   Thumb Code   110  misc.o(i.NVIC_Init)
    NVIC_PriorityGroupConfig                 0x08002339   Thumb Code    14  misc.o(i.NVIC_PriorityGroupConfig)
    RCC_AHB1PeriphClockCmd                   0x0800234d   Thumb Code    18  stm32f4xx_rcc.o(i.RCC_AHB1PeriphClockCmd)
    RCC_APB1PeriphClockCmd                   0x08002365   Thumb Code    18  stm32f4xx_rcc.o(i.RCC_APB1PeriphClockCmd)
    RCC_GetClocksFreq                        0x0800237d   Thumb Code   144  stm32f4xx_rcc.o(i.RCC_GetClocksFreq)
    SVC_Handler                              0x0800241d   Thumb Code     2  stm32f4xx_it.o(i.SVC_Handler)
    SysTick_CLKSourceConfig                  0x0800241f   Thumb Code    22  misc.o(i.SysTick_CLKSourceConfig)
    SysTick_Configuration                    0x08002435   Thumb Code    64  time.o(i.SysTick_Configuration)
    SysTick_Handler                          0x08002479   Thumb Code     2  stm32f4xx_it.o(i.SysTick_Handler)
    SystemInit                               0x0800247d   Thumb Code   238  system_stm32f4xx.o(i.SystemInit)
    To_180_degreesw                          0x08002591   Thumb Code    36  mymath.o(i.To_180_degreesw)
    UsageFault_Handler                       0x080025c1   Thumb Code     2  stm32f4xx_it.o(i.UsageFault_Handler)
    __scatterload_copy                       0x080025c3   Thumb Code    14  handlers.o(i.__scatterload_copy)
    __scatterload_null                       0x080025d1   Thumb Code     2  handlers.o(i.__scatterload_null)
    __scatterload_zeroinit                   0x080025d3   Thumb Code    14  handlers.o(i.__scatterload_zeroinit)
    delay_ms                                 0x080025e1   Thumb Code     4  delay.o(i.delay_ms)
    limitw                                   0x080025e5   Thumb Code    32  mymath.o(i.limitw)
    main                                     0x08002605   Thumb Code   130  main.o(i.main)
    pos_control                              0x08002691   Thumb Code   878  main.o(i.pos_control)
    Region$$Table$$Base                      0x08002a4c   Number         0  anon$$obj.o(Region$$Table)
    Region$$Table$$Limit                     0x08002a6c   Number         0  anon$$obj.o(Region$$Table)
    reset_q                                  0x20000000   Data           1  main.o(.data)
    motor_en                                 0x20000001   Data           1  main.o(.data)
    kp                                       0x20000004   Data           4  main.o(.data)
    ki                                       0x20000008   Data           4  main.o(.data)
    kd                                       0x2000000c   Data           4  main.o(.data)
    sysTickUptime                            0x20000010   Data           4  time.o(.data)
    reset_err_flag                           0x20000024   Data           1  can.o(.data)
    cnt_rst1                                 0x20000028   Data           4  can.o(.data)
    can1_rx_id                               0x20000040   Data           4  can.o(.data)
    can1_rx_cnt                              0x20000044   Data           4  can.o(.data)
    can2_rx_id                               0x20000048   Data           4  can.o(.data)
    cnt_rst2                                 0x2000004c   Data           4  can.o(.data)
    can2_rx_cnt                              0x20000050   Data           4  can.o(.data)
    canbufr1                                 0x20000054   Data           8  can.o(.data)
    canbufr2                                 0x2000005c   Data           8  can.o(.data)
    tar_sita                                 0x20000064   Data          32  main.o(.bss)
    q_err                                    0x20000084   Data          32  main.o(.bss)
    sita_d                                   0x200000a4   Data          32  main.o(.bss)
    tao_q_i                                  0x200000c4   Data          32  main.o(.bss)
    pos_taod                                 0x200000e4   Data          32  main.o(.bss)
    Cycle_T                                  0x20000124   Data         180  time.o(.bss)
    can_dt                                   0x200001d8   Data          16  can.o(.bss)
    leg_motor                                0x20000208   Data         832  can.o(.bss)
    __initial_sp                             0x20000d48   Data           0  startup_stm32f4xx.o(STACK)



==============================================================================

Memory Map of the image

  Image Entry point : 0x08000189

  Load Region LR_IROM1 (Base: 0x08000000, Size: 0x00002ad0, Max: 0x00100000, ABSOLUTE)

    Execution Region ER_IROM1 (Exec base: 0x08000000, Load base: 0x08000000, Size: 0x00002a6c, Max: 0x00100000, ABSOLUTE)

    Exec Addr    Load Addr    Size         Type   Attr      Idx    E Section Name        Object

    0x08000000   0x08000000   0x00000188   Data   RO         2878    RESET               startup_stm32f4xx.o
    0x08000188   0x08000188   0x00000000   Code   RO         3363  * .ARM.Collect$$$$00000000  mc_w.l(entry.o)
    0x08000188   0x08000188   0x00000004   Code   RO         3401    .ARM.Collect$$$$00000001  mc_w.l(entry2.o)
    0x0800018c   0x0800018c   0x00000004   Code   RO         3404    .ARM.Collect$$$$00000004  mc_w.l(entry5.o)
    0x08000190   0x08000190   0x00000000   Code   RO         3406    .ARM.Collect$$$$00000008  mc_w.l(entry7b.o)
    0x08000190   0x08000190   0x00000000   Code   RO         3408    .ARM.Collect$$$$0000000A  mc_w.l(entry8b.o)
    0x08000190   0x08000190   0x00000008   Code   RO         3409    .ARM.Collect$$$$0000000B  mc_w.l(entry9a.o)
    0x08000198   0x08000198   0x00000000   Code   RO         3411    .ARM.Collect$$$$0000000D  mc_w.l(entry10a.o)
    0x08000198   0x08000198   0x00000000   Code   RO         3413    .ARM.Collect$$$$0000000F  mc_w.l(entry11a.o)
    0x08000198   0x08000198   0x00000004   Code   RO         3402    .ARM.Collect$$$$00002712  mc_w.l(entry2.o)
    0x0800019c   0x0800019c   0x00000024   Code   RO         2879    .text               startup_stm32f4xx.o
    0x080001c0   0x080001c0   0x0000014e   Code   RO         3366    .text               mf_w.l(dadd.o)
    0x0800030e   0x0800030e   0x000000e4   Code   RO         3368    .text               mf_w.l(dmul.o)
    0x080003f2   0x080003f2   0x000000de   Code   RO         3370    .text               mf_w.l(ddiv.o)
    0x080004d0   0x080004d0   0x00000026   Code   RO         3374    .text               mf_w.l(f2d.o)
    0x080004f6   0x080004f6   0x00000038   Code   RO         3380    .text               mf_w.l(d2f.o)
    0x0800052e   0x0800052e   0x0000001e   Code   RO         3415    .text               mc_w.l(llshl.o)
    0x0800054c   0x0800054c   0x00000024   Code   RO         3417    .text               mc_w.l(llsshr.o)
    0x08000570   0x08000570   0x00000000   Code   RO         3426    .text               mc_w.l(iusefp.o)
    0x08000570   0x08000570   0x0000006e   Code   RO         3427    .text               mf_w.l(fepilogue.o)
    0x080005de   0x080005de   0x000000ba   Code   RO         3429    .text               mf_w.l(depilogue.o)
    0x08000698   0x08000698   0x00000024   Code   RO         3431    .text               mc_w.l(init.o)
    0x080006bc   0x080006bc   0x00000020   Code   RO         3433    .text               mc_w.l(llushr.o)
    0x080006dc   0x080006dc   0x00000002   Code   RO          154    i.BusFault_Handler  stm32f4xx_it.o
    0x080006de   0x080006de   0x00000002   PAD
    0x080006e0   0x080006e0   0x00000104   Code   RO         2886    i.CAN1_Mode_Init    can.o
    0x080007e4   0x080007e4   0x00000764   Code   RO         2887    i.CAN1_RX0_IRQHandler  can.o
    0x08000f48   0x08000f48   0x00000068   Code   RO         2889    i.CAN1_Send_Msg     can.o
    0x08000fb0   0x08000fb0   0x00000104   Code   RO         2890    i.CAN2_Mode_Init    can.o
    0x080010b4   0x080010b4   0x00000740   Code   RO         2891    i.CAN2_RX0_IRQHandler  can.o
    0x080017f4   0x080017f4   0x00000068   Code   RO         2893    i.CAN2_Send_Msg     can.o
    0x0800185c   0x0800185c   0x000000ec   Code   RO         2666    i.CAN_FilterInit    stm32f4xx_can.o
    0x08001948   0x08001948   0x00000010   Code   RO         2672    i.CAN_ITConfig      stm32f4xx_can.o
    0x08001958   0x08001958   0x000000f2   Code   RO         2673    i.CAN_Init          stm32f4xx_can.o
    0x08001a4a   0x08001a4a   0x000000b4   Code   RO         2676    i.CAN_Receive       stm32f4xx_can.o
    0x08001afe   0x08001afe   0x000000c0   Code   RO         2681    i.CAN_Transmit      stm32f4xx_can.o
    0x08001bbe   0x08001bbe   0x00000002   PAD
    0x08001bc0   0x08001bc0   0x0000007c   Code   RO         2682    i.CAN_TransmitStatus  stm32f4xx_can.o
    0x08001c3c   0x08001c3c   0x000000a8   Code   RO         2895    i.CAN_motor_init    can.o
    0x08001ce4   0x08001ce4   0x00000114   Code   RO         2896    i.CAN_motor_sm      can.o
    0x08001df8   0x08001df8   0x00000120   Code   RO         2898    i.CAN_set_current   can.o
    0x08001f18   0x08001f18   0x000000e0   Code   RO         2901    i.CAN_set_q         can.o
    0x08001ff8   0x08001ff8   0x00000128   Code   RO         2902    i.CAN_set_torque    can.o
    0x08002120   0x08002120   0x00000002   Code   RO          155    i.DebugMon_Handler  stm32f4xx_it.o
    0x08002122   0x08002122   0x00000002   PAD
    0x08002124   0x08002124   0x00000068   Code   RO          287    i.Delay_ms          time.o
    0x0800218c   0x0800218c   0x0000009e   Code   RO          874    i.GPIO_Init         stm32f4xx_gpio.o
    0x0800222a   0x0800222a   0x00000022   Code   RO          875    i.GPIO_PinAFConfig  stm32f4xx_gpio.o
    0x0800224c   0x0800224c   0x00000074   Code   RO          290    i.Get_Cycle_T       time.o
    0x080022c0   0x080022c0   0x00000002   Code   RO          156    i.MemManage_Handler  stm32f4xx_it.o
    0x080022c2   0x080022c2   0x00000002   Code   RO          157    i.NMI_Handler       stm32f4xx_it.o
    0x080022c4   0x080022c4   0x00000074   Code   RO          381    i.NVIC_Init         misc.o
    0x08002338   0x08002338   0x00000014   Code   RO          382    i.NVIC_PriorityGroupConfig  misc.o
    0x0800234c   0x0800234c   0x00000018   Code   RO         1065    i.RCC_AHB1PeriphClockCmd  stm32f4xx_rcc.o
    0x08002364   0x08002364   0x00000018   Code   RO         1074    i.RCC_APB1PeriphClockCmd  stm32f4xx_rcc.o
    0x0800237c   0x0800237c   0x000000a0   Code   RO         1086    i.RCC_GetClocksFreq  stm32f4xx_rcc.o
    0x0800241c   0x0800241c   0x00000002   Code   RO          158    i.SVC_Handler       stm32f4xx_it.o
    0x0800241e   0x0800241e   0x00000016   Code   RO          385    i.SysTick_CLKSourceConfig  misc.o
    0x08002434   0x08002434   0x00000044   Code   RO          291    i.SysTick_Configuration  time.o
    0x08002478   0x08002478   0x00000002   Code   RO          159    i.SysTick_Handler   stm32f4xx_it.o
    0x0800247a   0x0800247a   0x00000002   PAD
    0x0800247c   0x0800247c   0x00000114   Code   RO         2310    i.SystemInit        system_stm32f4xx.o
    0x08002590   0x08002590   0x00000030   Code   RO         3215    i.To_180_degreesw   mymath.o
    0x080025c0   0x080025c0   0x00000002   Code   RO          160    i.UsageFault_Handler  stm32f4xx_it.o
    0x080025c2   0x080025c2   0x0000000e   Code   RO         3437    i.__scatterload_copy  mc_w.l(handlers.o)
    0x080025d0   0x080025d0   0x00000002   Code   RO         3438    i.__scatterload_null  mc_w.l(handlers.o)
    0x080025d2   0x080025d2   0x0000000e   Code   RO         3439    i.__scatterload_zeroinit  mc_w.l(handlers.o)
    0x080025e0   0x080025e0   0x00000004   Code   RO          215    i.delay_ms          delay.o
    0x080025e4   0x080025e4   0x00000020   Code   RO         3222    i.limitw            mymath.o
    0x08002604   0x08002604   0x0000008c   Code   RO            4    i.main              main.o
    0x08002690   0x08002690   0x000003bc   Code   RO            5    i.pos_control       main.o
    0x08002a4c   0x08002a4c   0x00000020   Data   RO         3435    Region$$Table       anon$$obj.o


    Execution Region RW_IRAM1 (Exec base: 0x20000000, Load base: 0x08002a6c, Size: 0x00000d48, Max: 0x00020000, ABSOLUTE)

    Exec Addr    Load Addr    Size         Type   Attr      Idx    E Section Name        Object

    0x20000000   0x08002a6c   0x00000010   Data   RW            7    .data               main.o
    0x20000010   0x08002a7c   0x00000004   Data   RW          298    .data               time.o
    0x20000014   0x08002a80   0x00000010   Data   RW         1109    .data               stm32f4xx_rcc.o
    0x20000024   0x08002a90   0x00000040   Data   RW         2907    .data               can.o
    0x20000064        -       0x000000c0   Zero   RW            6    .bss                main.o
    0x20000124        -       0x000000b4   Zero   RW          297    .bss                time.o
    0x200001d8        -       0x00000370   Zero   RW         2905    .bss                can.o
    0x20000548        -       0x00000800   Zero   RW         2876    STACK               startup_stm32f4xx.o


==============================================================================

Image component sizes


      Code (inc. data)   RO Data    RW Data    ZI Data      Debug   Object Name

      5728        178          0         64        880      13136   can.o
         4          0          0          0          0        467   delay.o
      1096         88          0         16        192     271608   main.o
       158         12          0          0          0       2357   misc.o
        80         12          0          0          0       1651   mymath.o
        36          8        392          0       2048        900   startup_stm32f4xx.o
       990         38          0          0          0       5917   stm32f4xx_can.o
       192          0          0          0          0       1915   stm32f4xx_gpio.o
        14          0          0          0          0       3213   stm32f4xx_it.o
       208         28          0         16          0       4274   stm32f4xx_rcc.o
       276         38          0          0          0       1289   system_stm32f4xx.o
       288         22          0          4        180      33389   time.o

    ----------------------------------------------------------------------
      9078        424        424        100       3300     340116   Object Totals
         0          0         32          0          0          0   (incl. Generated)
         8          0          0          0          0          0   (incl. Padding)

    ----------------------------------------------------------------------

      Code (inc. data)   RO Data    RW Data    ZI Data      Debug   Library Member Name

         0          0          0          0          0          0   entry.o
         0          0          0          0          0          0   entry10a.o
         0          0          0          0          0          0   entry11a.o
         8          4          0          0          0          0   entry2.o
         4          0          0          0          0          0   entry5.o
         0          0          0          0          0          0   entry7b.o
         0          0          0          0          0          0   entry8b.o
         8          4          0          0          0          0   entry9a.o
        30          0          0          0          0          0   handlers.o
        36          8          0          0          0         68   init.o
         0          0          0          0          0          0   iusefp.o
        30          0          0          0          0         68   llshl.o
        36          0          0          0          0         68   llsshr.o
        32          0          0          0          0         68   llushr.o
        56          0          0          0          0         88   d2f.o
       334          0          0          0          0        148   dadd.o
       222          0          0          0          0        100   ddiv.o
       186          0          0          0          0        176   depilogue.o
       228          0          0          0          0         96   dmul.o
        38          0          0          0          0         68   f2d.o
       110          0          0          0          0        168   fepilogue.o

    ----------------------------------------------------------------------
      1358         16          0          0          0       1116   Library Totals
         0          0          0          0          0          0   (incl. Padding)

    ----------------------------------------------------------------------

      Code (inc. data)   RO Data    RW Data    ZI Data      Debug   Library Name

       184         16          0          0          0        272   mc_w.l
      1174          0          0          0          0        844   mf_w.l

    ----------------------------------------------------------------------
      1358         16          0          0          0       1116   Library Totals

    ----------------------------------------------------------------------

==============================================================================


      Code (inc. data)   RO Data    RW Data    ZI Data      Debug   

     10436        440        424        100       3300     337820   Grand Totals
     10436        440        424        100       3300     337820   ELF Image Totals
     10436        440        424        100          0          0   ROM Totals

==============================================================================

    Total RO  Size (Code + RO Data)                10860 (  10.61kB)
    Total RW  Size (RW Data + ZI Data)              3400 (   3.32kB)
    Total ROM Size (Code + RO Data + RW Data)      10960 (  10.70kB)

==============================================================================

